Archive member included to satisfy reference by file (symbol)

c:/vsarm/armcc/112202~1.02/bin/../lib/gcc/arm-none-eabi/11.2.1/thumb/v6-m/nofp\libgcc.a(_dvmd_tls.o)
                              CMakeFiles/power_led_driver.dir/C_/VSARM/sdk/pico/pico-sdk/src/rp2_common/pico_divider/divider.S.obj (__aeabi_idiv0)
c:/vsarm/armcc/112202~1.02/bin/../lib/gcc/arm-none-eabi/11.2.1/thumb/v6-m/nofp\libc.a(lib_a-atoi.o)
                              CMakeFiles/power_led_driver.dir/main.c.obj (atoi)
c:/vsarm/armcc/112202~1.02/bin/../lib/gcc/arm-none-eabi/11.2.1/thumb/v6-m/nofp\libc.a(lib_a-calloc.o)
                              CMakeFiles/power_led_driver.dir/C_/VSARM/sdk/pico/pico-sdk/src/rp2_common/pico_malloc/pico_malloc.c.obj (calloc)
c:/vsarm/armcc/112202~1.02/bin/../lib/gcc/arm-none-eabi/11.2.1/thumb/v6-m/nofp\libc.a(lib_a-callocr.o)
                              c:/vsarm/armcc/112202~1.02/bin/../lib/gcc/arm-none-eabi/11.2.1/thumb/v6-m/nofp\libc.a(lib_a-calloc.o) (_calloc_r)
c:/vsarm/armcc/112202~1.02/bin/../lib/gcc/arm-none-eabi/11.2.1/thumb/v6-m/nofp\libc.a(lib_a-errno.o)
                              c:/vsarm/armcc/112202~1.02/bin/../lib/gcc/arm-none-eabi/11.2.1/thumb/v6-m/nofp\libc.a(lib_a-callocr.o) (__errno)
c:/vsarm/armcc/112202~1.02/bin/../lib/gcc/arm-none-eabi/11.2.1/thumb/v6-m/nofp\libc.a(lib_a-impure.o)
                              c:/vsarm/armcc/112202~1.02/bin/../lib/gcc/arm-none-eabi/11.2.1/thumb/v6-m/nofp\libc.a(lib_a-calloc.o) (_impure_ptr)
c:/vsarm/armcc/112202~1.02/bin/../lib/gcc/arm-none-eabi/11.2.1/thumb/v6-m/nofp\libc.a(lib_a-init.o)
                              c:/vsarm/armcc/112202~1.02/bin/../lib/gcc/arm-none-eabi/11.2.1/thumb/v6-m/nofp/crt0.o (__libc_init_array)
c:/vsarm/armcc/112202~1.02/bin/../lib/gcc/arm-none-eabi/11.2.1/thumb/v6-m/nofp\libc.a(lib_a-malloc.o)
                              CMakeFiles/power_led_driver.dir/C_/VSARM/sdk/pico/pico-sdk/src/rp2_common/pico_malloc/pico_malloc.c.obj (malloc)
c:/vsarm/armcc/112202~1.02/bin/../lib/gcc/arm-none-eabi/11.2.1/thumb/v6-m/nofp\libc.a(lib_a-mallocr.o)
                              c:/vsarm/armcc/112202~1.02/bin/../lib/gcc/arm-none-eabi/11.2.1/thumb/v6-m/nofp\libc.a(lib_a-callocr.o) (_malloc_r)
c:/vsarm/armcc/112202~1.02/bin/../lib/gcc/arm-none-eabi/11.2.1/thumb/v6-m/nofp\libc.a(lib_a-mlock.o)
                              c:/vsarm/armcc/112202~1.02/bin/../lib/gcc/arm-none-eabi/11.2.1/thumb/v6-m/nofp\libc.a(lib_a-mallocr.o) (__malloc_lock)
c:/vsarm/armcc/112202~1.02/bin/../lib/gcc/arm-none-eabi/11.2.1/thumb/v6-m/nofp\libc.a(lib_a-sbrkr.o)
                              c:/vsarm/armcc/112202~1.02/bin/../lib/gcc/arm-none-eabi/11.2.1/thumb/v6-m/nofp\libc.a(lib_a-mallocr.o) (_sbrk_r)
c:/vsarm/armcc/112202~1.02/bin/../lib/gcc/arm-none-eabi/11.2.1/thumb/v6-m/nofp\libc.a(lib_a-strcmp.o)
                              CMakeFiles/power_led_driver.dir/main.c.obj (strcmp)
c:/vsarm/armcc/112202~1.02/bin/../lib/gcc/arm-none-eabi/11.2.1/thumb/v6-m/nofp\libc.a(lib_a-strlen-stub.o)
                              CMakeFiles/power_led_driver.dir/C_/VSARM/sdk/pico/pico-sdk/src/rp2_common/pico_stdio/stdio.c.obj (strlen)
c:/vsarm/armcc/112202~1.02/bin/../lib/gcc/arm-none-eabi/11.2.1/thumb/v6-m/nofp\libc.a(lib_a-strstr.o)
                              CMakeFiles/power_led_driver.dir/main.c.obj (strstr)
c:/vsarm/armcc/112202~1.02/bin/../lib/gcc/arm-none-eabi/11.2.1/thumb/v6-m/nofp\libc.a(lib_a-strtok.o)
                              CMakeFiles/power_led_driver.dir/main.c.obj (strtok)
c:/vsarm/armcc/112202~1.02/bin/../lib/gcc/arm-none-eabi/11.2.1/thumb/v6-m/nofp\libc.a(lib_a-strtok_r.o)
                              c:/vsarm/armcc/112202~1.02/bin/../lib/gcc/arm-none-eabi/11.2.1/thumb/v6-m/nofp\libc.a(lib_a-strtok.o) (__strtok_r)
c:/vsarm/armcc/112202~1.02/bin/../lib/gcc/arm-none-eabi/11.2.1/thumb/v6-m/nofp\libc.a(lib_a-strtol.o)
                              c:/vsarm/armcc/112202~1.02/bin/../lib/gcc/arm-none-eabi/11.2.1/thumb/v6-m/nofp\libc.a(lib_a-atoi.o) (_strtol_r)
c:/vsarm/armcc/112202~1.02/bin/../lib/gcc/arm-none-eabi/11.2.1/thumb/v6-m/nofp\libc.a(lib_a-ctype_.o)
                              c:/vsarm/armcc/112202~1.02/bin/../lib/gcc/arm-none-eabi/11.2.1/thumb/v6-m/nofp\libc.a(lib_a-strtol.o) (_ctype_)
c:/vsarm/armcc/112202~1.02/bin/../lib/gcc/arm-none-eabi/11.2.1/thumb/v6-m/nofp\libc.a(lib_a-freer.o)
                              c:/vsarm/armcc/112202~1.02/bin/../lib/gcc/arm-none-eabi/11.2.1/thumb/v6-m/nofp\libc.a(lib_a-malloc.o) (_free_r)
c:/vsarm/armcc/112202~1.02/bin/../lib/gcc/arm-none-eabi/11.2.1/thumb/v6-m/nofp\libc.a(lib_a-memcmp.o)
                              c:/vsarm/armcc/112202~1.02/bin/../lib/gcc/arm-none-eabi/11.2.1/thumb/v6-m/nofp\libc.a(lib_a-strstr.o) (memcmp)
c:/vsarm/armcc/112202~1.02/bin/../lib/gcc/arm-none-eabi/11.2.1/thumb/v6-m/nofp\libc.a(lib_a-reent.o)
                              c:/vsarm/armcc/112202~1.02/bin/../lib/gcc/arm-none-eabi/11.2.1/thumb/v6-m/nofp\libc.a(lib_a-sbrkr.o) (errno)
[...]
Memory Configuration

Name             Origin             Length             Attributes
FLASH            0x10000000         0x00200000         xr
RAM              0x20000000         0x00040000         xrw
SCRATCH_X        0x20040000         0x00001000         xrw
SCRATCH_Y        0x20041000         0x00001000         xrw
*default*        0x00000000         0xffffffff

Linker script and memory map

LOAD c:/vsarm/armcc/112202~1.02/bin/../lib/gcc/arm-none-eabi/11.2.1/thumb/v6-m/nofp/crti.o
LOAD c:/vsarm/armcc/112202~1.02/bin/../lib/gcc/arm-none-eabi/11.2.1/thumb/v6-m/nofp/crtbegin.o
LOAD c:/vsarm/armcc/112202~1.02/bin/../lib/gcc/arm-none-eabi/11.2.1/thumb/v6-m/nofp/crt0.o

.flash_begin    0x10000000        0x0
                0x10000000                __flash_binary_start = .

.boot2          0x10000000      0x100
                0x10000000                __boot2_start__ = .
 *(.boot2)
 .boot2         0x10000000      0x100 C:\Users\Eryk\AppData\Local\Temp\ccg3jKDA.o
                0x10000100                __boot2_end__ = .
                0x00000001                ASSERT (((__boot2_end__ - __boot2_start__) == 0x100), ERROR: Pico second stage bootloader must be 256 bytes in size)

.text           0x10000100     0x5dd8
                0x10000100                __logical_binary_start = .
 *(.vectors)
 .vectors       0x10000100       0xd4 CMakeFiles/power_led_driver.dir/C_/VSARM/sdk/pico/pico-sdk/src/rp2_common/pico_standard_link/crt0.S.obj
                0x10000100                __VECTOR_TABLE
                0x10000100                __vectors
                0x100001c0                isr_invalid
                0x100001c0                __default_isrs_start
                0x100001c2                isr_nmi
                0x100001c4                isr_hardfault
                0x100001c6                isr_svcall
                0x100001c8                isr_pendsv
                0x100001ca                isr_systick
                0x100001cc                isr_irq23
                0x100001cc                isr_irq18
                0x100001cc                isr_irq11
                0x100001cc                isr_irq28
                0x100001cc                isr_irq19
                0x100001cc                isr_irq0
                0x100001cc                isr_irq6
                0x100001cc                isr_irq5
                0x100001cc                isr_irq12
                0x100001cc                isr_irq22
                0x100001cc                isr_irq31
                0x100001cc                isr_irq17
                0x100001cc                isr_irq27
                0x100001cc                isr_irq30
                0x100001cc                isr_irq2
                0x100001cc                isr_irq10
                0x100001cc                isr_irq8
                0x100001cc                isr_irq24
                0x100001cc                isr_irq1
                0x100001cc                isr_irq7
                0x100001cc                isr_irq21
                0x100001cc                isr_irq20
                0x100001cc                isr_irq15
                0x100001cc                isr_irq25
                0x100001cc                isr_irq13
                0x100001cc                __unhandled_user_irq
                0x100001cc                isr_irq4
                0x100001cc                isr_irq16
                0x100001cc                isr_irq29
                0x100001cc                isr_irq26
                0x100001cc                __default_isrs_end
                0x100001cc                isr_irq3
                0x100001cc                isr_irq14
                0x100001cc                isr_irq9
                0x100001d2                unhandled_user_irq_num_in_r0
 *(.binary_info_header)
 .binary_info_header
                0x100001d4       0x14 CMakeFiles/power_led_driver.dir/C_/VSARM/sdk/pico/pico-sdk/src/rp2_common/pico_standard_link/crt0.S.obj
                0x100001e8                __binary_info_header_end = .
 *(.reset)
 .reset         0x100001e8       0xa8 CMakeFiles/power_led_driver.dir/C_/VSARM/sdk/pico/pico-sdk/src/rp2_common/pico_standard_link/crt0.S.obj
                0x100001e8                _entry_point
                0x10000266                __get_current_exception
 .reset         0x10000290       0x30 CMakeFiles/power_led_driver.dir/C_/VSARM/sdk/pico/pico-sdk/src/rp2_common/pico_standard_link/binary_info.c.obj
 *(.init)
 .init          0x100002c0        0x4 c:/vsarm/armcc/112202~1.02/bin/../lib/gcc/arm-none-eabi/11.2.1/thumb/v6-m/nofp/crti.o
                0x100002c0                _init
 *(EXCLUDE_FILE(*libm.a: *libc.a:*lib_a-mem*.o *libgcc.a:) .text*)
 .text.register_tm_clones
                0x100002c4       0x28 c:/vsarm/armcc/112202~1.02/bin/../lib/gcc/arm-none-eabi/11.2.1/thumb/v6-m/nofp/crtbegin.o
 .text.frame_dummy
                0x100002ec       0x24 c:/vsarm/armcc/112202~1.02/bin/../lib/gcc/arm-none-eabi/11.2.1/thumb/v6-m/nofp/crtbegin.o
 .text.load_data
                0x10000310       0x88 CMakeFiles/power_led_driver.dir/main.c.obj
                0x10000310                load_data
 .text.update_RTC
                0x10000398       0xfc CMakeFiles/power_led_driver.dir/main.c.obj
                0x10000398                update_RTC
 .text.diodes_on
                0x10000494       0xe0 CMakeFiles/power_led_driver.dir/main.c.obj
                0x10000494                diodes_on
 .text.sunrise_simulation
                0x10000574      0x25c CMakeFiles/power_led_driver.dir/main.c.obj
                0x10000574                sunrise_simulation
 .text.sunset_simulation
                0x100007d0      0x258 CMakeFiles/power_led_driver.dir/main.c.obj
                0x100007d0                sunset_simulation
 .text.check_valid_command.part.0
                0x10000a28      0x9b8 CMakeFiles/power_led_driver.dir/main.c.obj
 .text.check_valid_command
                0x100013e0      0x114 CMakeFiles/power_led_driver.dir/main.c.obj
                0x100013e0                check_valid_command
 .text.on_uart_rx
                0x100014f4       0x58 CMakeFiles/power_led_driver.dir/main.c.obj
                0x100014f4                on_uart_rx
 .text.startup.main
                0x1000154c      0x238 CMakeFiles/power_led_driver.dir/main.c.obj
                0x1000154c                main
 .text.RTC_Set  0x10001784       0xf8 CMakeFiles/power_led_driver.dir/DS3231.c.obj
                0x10001784                RTC_Set
 .text.RTC_Get  0x1000187c       0xb0 CMakeFiles/power_led_driver.dir/DS3231.c.obj
                0x1000187c                RTC_Get
 .text.gpio_set_function
                0x1000192c       0x30 CMakeFiles/power_led_driver.dir/C_/VSARM/sdk/pico/pico-sdk/src/rp2_common/hardware_gpio/gpio.c.obj
                0x1000192c                gpio_set_function
 .text.gpio_set_pulls
                0x1000195c       0x24 CMakeFiles/power_led_driver.dir/C_/VSARM/sdk/pico/pico-sdk/src/rp2_common/hardware_gpio/gpio.c.obj
                0x1000195c                gpio_set_pulls
 .text.gpio_init
                0x10001980       0x3c CMakeFiles/power_led_driver.dir/C_/VSARM/sdk/pico/pico-sdk/src/rp2_common/hardware_gpio/gpio.c.obj
                0x10001980                gpio_init
 .text.hw_claim_or_assert
                0x100019bc       0x44 CMakeFiles/power_led_driver.dir/C_/VSARM/sdk/pico/pico-sdk/src/rp2_common/hardware_claim/claim.c.obj
                0x100019bc                hw_claim_or_assert
 .text.running_on_fpga
                0x10001a00       0x10 CMakeFiles/power_led_driver.dir/C_/VSARM/sdk/pico/pico-sdk/src/rp2_common/pico_platform/platform.c.obj
                0x10001a00                running_on_fpga
 .text.spin_locks_reset
                0x10001a10       0x1c CMakeFiles/power_led_driver.dir/C_/VSARM/sdk/pico/pico-sdk/src/rp2_common/hardware_sync/sync.c.obj
                0x10001a10                spin_locks_reset
 .text.next_striped_spin_lock_num
                0x10001a2c       0x18 CMakeFiles/power_led_driver.dir/C_/VSARM/sdk/pico/pico-sdk/src/rp2_common/hardware_sync/sync.c.obj
                0x10001a2c                next_striped_spin_lock_num
 .text.uart_init
                0x10001a44       0xe0 CMakeFiles/power_led_driver.dir/C_/VSARM/sdk/pico/pico-sdk/src/rp2_common/hardware_uart/uart.c.obj
                0x10001a44                uart_init
 .text.uart_set_baudrate
                0x10001b24       0x68 CMakeFiles/power_led_driver.dir/C_/VSARM/sdk/pico/pico-sdk/src/rp2_common/hardware_uart/uart.c.obj
                0x10001b24                uart_set_baudrate
 .text.uart_is_readable_within_us
                0x10001b8c       0x24 CMakeFiles/power_led_driver.dir/C_/VSARM/sdk/pico/pico-sdk/src/rp2_common/hardware_uart/uart.c.obj
                0x10001b8c                uart_is_readable_within_us
 .text.timer_pool_entry_comparator
                0x10001bb0       0x34 CMakeFiles/power_led_driver.dir/C_/VSARM/sdk/pico/pico-sdk/src/common/pico_time/time.c.obj
                0x10001bb0                timer_pool_entry_comparator
 .text.add_alarm_under_lock.isra.0
                0x10001be4      0x104 CMakeFiles/power_led_driver.dir/C_/VSARM/sdk/pico/pico-sdk/src/common/pico_time/time.c.obj
 .text.alarm_pool_alarm_callback
                0x10001ce8      0x1c8 CMakeFiles/power_led_driver.dir/C_/VSARM/sdk/pico/pico-sdk/src/common/pico_time/time.c.obj
 .text.alarm_pool_init_default
                0x10001eb0       0x64 CMakeFiles/power_led_driver.dir/C_/VSARM/sdk/pico/pico-sdk/src/common/pico_time/time.c.obj
                0x10001eb0                alarm_pool_init_default
 .text.hardware_alarm_irq_handler
                0x10001f14       0xb8 CMakeFiles/power_led_driver.dir/C_/VSARM/sdk/pico/pico-sdk/src/rp2_common/hardware_timer/timer.c.obj
 .text.hardware_alarm_claim
                0x10001fcc       0x18 CMakeFiles/power_led_driver.dir/C_/VSARM/sdk/pico/pico-sdk/src/rp2_common/hardware_timer/timer.c.obj
                0x10001fcc                hardware_alarm_claim
 .text.time_us_64
                0x10001fe4       0x14 CMakeFiles/power_led_driver.dir/C_/VSARM/sdk/pico/pico-sdk/src/rp2_common/hardware_timer/timer.c.obj
                0x10001fe4                time_us_64
 .text.busy_wait_us
                0x10001ff8       0x54 CMakeFiles/power_led_driver.dir/C_/VSARM/sdk/pico/pico-sdk/src/rp2_common/hardware_timer/timer.c.obj
                0x10001ff8                busy_wait_us
 .text.hardware_alarm_set_callback
                0x1000204c       0x8c CMakeFiles/power_led_driver.dir/C_/VSARM/sdk/pico/pico-sdk/src/rp2_common/hardware_timer/timer.c.obj
                0x1000204c                hardware_alarm_set_callback
 .text.hardware_alarm_set_target
                0x100020d8       0xe0 CMakeFiles/power_led_driver.dir/C_/VSARM/sdk/pico/pico-sdk/src/rp2_common/hardware_timer/timer.c.obj
                0x100020d8                hardware_alarm_set_target
 .text.hardware_alarm_cancel
                0x100021b8       0x3c CMakeFiles/power_led_driver.dir/C_/VSARM/sdk/pico/pico-sdk/src/rp2_common/hardware_timer/timer.c.obj
                0x100021b8                hardware_alarm_cancel
 .text.lock_init
                0x100021f4       0x10 CMakeFiles/power_led_driver.dir/C_/VSARM/sdk/pico/pico-sdk/src/common/pico_sync/lock_core.c.obj
                0x100021f4                lock_init
 .text.mutex_init
                0x10002204       0x1c CMakeFiles/power_led_driver.dir/C_/VSARM/sdk/pico/pico-sdk/src/common/pico_sync/mutex.c.obj
                0x10002204                mutex_init
 .text.recursive_mutex_init
                0x10002220       0x1c CMakeFiles/power_led_driver.dir/C_/VSARM/sdk/pico/pico-sdk/src/common/pico_sync/mutex.c.obj
                0x10002220                recursive_mutex_init
 .text.ph_merge_nodes
                0x1000223c       0x68 CMakeFiles/power_led_driver.dir/C_/VSARM/sdk/pico/pico-sdk/src/common/pico_util/pheap.c.obj
 .text.ph_post_alloc_init
                0x100022a4       0x3c CMakeFiles/power_led_driver.dir/C_/VSARM/sdk/pico/pico-sdk/src/common/pico_util/pheap.c.obj
                0x100022a4                ph_post_alloc_init
 .text.ph_merge_two_pass
                0x100022e0       0x9c CMakeFiles/power_led_driver.dir/C_/VSARM/sdk/pico/pico-sdk/src/common/pico_util/pheap.c.obj
                0x100022e0                ph_merge_two_pass
 .text.ph_remove_any_head
                0x1000237c       0xf8 CMakeFiles/power_led_driver.dir/C_/VSARM/sdk/pico/pico-sdk/src/common/pico_util/pheap.c.obj
 .text.ph_remove_head
                0x10002474       0xfc CMakeFiles/power_led_driver.dir/C_/VSARM/sdk/pico/pico-sdk/src/common/pico_util/pheap.c.obj
                0x10002474                ph_remove_head
 .text.ph_remove_and_free_node
                0x10002570       0x7c CMakeFiles/power_led_driver.dir/C_/VSARM/sdk/pico/pico-sdk/src/common/pico_util/pheap.c.obj
                0x10002570                ph_remove_and_free_node
 .text.runtime_init
                0x100025ec       0xf0 CMakeFiles/power_led_driver.dir/C_/VSARM/sdk/pico/pico-sdk/src/rp2_common/pico_runtime/runtime.c.obj
                0x100025ec                runtime_init
 .text.exit     0x100026dc        0x4 CMakeFiles/power_led_driver.dir/C_/VSARM/sdk/pico/pico-sdk/src/rp2_common/pico_runtime/runtime.c.obj
                0x100026dc                exit
 .text.panic    0x100026e0       0x30 CMakeFiles/power_led_driver.dir/C_/VSARM/sdk/pico/pico-sdk/src/rp2_common/pico_runtime/runtime.c.obj
                0x100026e0                panic
 .text.hard_assertion_failure
                0x10002710        0xc CMakeFiles/power_led_driver.dir/C_/VSARM/sdk/pico/pico-sdk/src/rp2_common/pico_runtime/runtime.c.obj
                0x10002710                hard_assertion_failure
 .text.clocks_init
                0x1000271c      0x2b0 CMakeFiles/power_led_driver.dir/C_/VSARM/sdk/pico/pico-sdk/src/rp2_common/hardware_clocks/clocks.c.obj
                0x1000271c                clocks_init
 .text.clock_get_hz
                0x100029cc        0xc CMakeFiles/power_led_driver.dir/C_/VSARM/sdk/pico/pico-sdk/src/rp2_common/hardware_clocks/clocks.c.obj
                0x100029cc                clock_get_hz
 .text.irq_set_enabled
                0x100029d8       0x24 CMakeFiles/power_led_driver.dir/C_/VSARM/sdk/pico/pico-sdk/src/rp2_common/hardware_irq/irq.c.obj
                0x100029d8                irq_set_enabled
 .text.irq_get_vtable_handler
                0x100029fc       0x10 CMakeFiles/power_led_driver.dir/C_/VSARM/sdk/pico/pico-sdk/src/rp2_common/hardware_irq/irq.c.obj
                0x100029fc                irq_get_vtable_handler
 .text.irq_set_exclusive_handler
                0x10002a0c       0x54 CMakeFiles/power_led_driver.dir/C_/VSARM/sdk/pico/pico-sdk/src/rp2_common/hardware_irq/irq.c.obj
                0x10002a0c                irq_set_exclusive_handler
 .text.irq_remove_handler
                0x10002a60      0x1b4 CMakeFiles/power_led_driver.dir/C_/VSARM/sdk/pico/pico-sdk/src/rp2_common/hardware_irq/irq.c.obj
                0x10002a60                irq_remove_handler
 .text.irq_add_tail_to_free_list
                0x10002c14       0xb4 CMakeFiles/power_led_driver.dir/C_/VSARM/sdk/pico/pico-sdk/src/rp2_common/hardware_irq/irq.c.obj
                0x10002c14                irq_add_tail_to_free_list
 .text.irq_init_priorities
                0x10002cc8       0x24 CMakeFiles/power_led_driver.dir/C_/VSARM/sdk/pico/pico-sdk/src/rp2_common/hardware_irq/irq.c.obj
                0x10002cc8                irq_init_priorities
 .text.pll_init
                0x10002cec       0xa8 CMakeFiles/power_led_driver.dir/C_/VSARM/sdk/pico/pico-sdk/src/rp2_common/hardware_pll/pll.c.obj
                0x10002cec                pll_init
 .text.watchdog_start_tick
                0x10002d94       0x10 CMakeFiles/power_led_driver.dir/C_/VSARM/sdk/pico/pico-sdk/src/rp2_common/hardware_watchdog/watchdog.c.obj
                0x10002d94                watchdog_start_tick
 .text.xosc_init
                0x10002da4       0x28 CMakeFiles/power_led_driver.dir/C_/VSARM/sdk/pico/pico-sdk/src/rp2_common/hardware_xosc/xosc.c.obj
                0x10002da4                xosc_init
 .text._out_buffer
                0x10002dcc        0x8 CMakeFiles/power_led_driver.dir/C_/VSARM/sdk/pico/pico-sdk/src/rp2_common/pico_printf/printf.c.obj
 .text._out_null
                0x10002dd4        0x4 CMakeFiles/power_led_driver.dir/C_/VSARM/sdk/pico/pico-sdk/src/rp2_common/pico_printf/printf.c.obj
 .text._out_rev
                0x10002dd8       0x90 CMakeFiles/power_led_driver.dir/C_/VSARM/sdk/pico/pico-sdk/src/rp2_common/pico_printf/printf.c.obj
 .text._ntoa_format
                0x10002e68      0x1cc CMakeFiles/power_led_driver.dir/C_/VSARM/sdk/pico/pico-sdk/src/rp2_common/pico_printf/printf.c.obj
 .text._out_char
                0x10003034       0x10 CMakeFiles/power_led_driver.dir/C_/VSARM/sdk/pico/pico-sdk/src/rp2_common/pico_printf/printf.c.obj
 .text._etoa    0x10003044      0x44c CMakeFiles/power_led_driver.dir/C_/VSARM/sdk/pico/pico-sdk/src/rp2_common/pico_printf/printf.c.obj
 .text._ftoa    0x10003490      0x3d0 CMakeFiles/power_led_driver.dir/C_/VSARM/sdk/pico/pico-sdk/src/rp2_common/pico_printf/printf.c.obj
 .text._vsnprintf
                0x10003860      0xabc CMakeFiles/power_led_driver.dir/C_/VSARM/sdk/pico/pico-sdk/src/rp2_common/pico_printf/printf.c.obj
 .text.__wrap_sprintf
                0x1000431c       0x2c CMakeFiles/power_led_driver.dir/C_/VSARM/sdk/pico/pico-sdk/src/rp2_common/pico_printf/printf.c.obj
                0x1000431c                __wrap_sprintf
 .text.weak_raw_vprintf
                0x10004348       0x30 CMakeFiles/power_led_driver.dir/C_/VSARM/sdk/pico/pico-sdk/src/rp2_common/pico_printf/printf.c.obj
                0x10004348                weak_raw_vprintf
 .text          0x10004378       0x10 CMakeFiles/power_led_driver.dir/C_/VSARM/sdk/pico/pico-sdk/src/rp2_common/pico_bit_ops/bit_ops_aeabi.S.obj
 .text.rom_func_lookup
                0x10004388       0x10 CMakeFiles/power_led_driver.dir/C_/VSARM/sdk/pico/pico-sdk/src/rp2_common/pico_bootrom/bootrom.c.obj
                0x10004388                rom_func_lookup
 .text.rom_data_lookup
                0x10004398       0x10 CMakeFiles/power_led_driver.dir/C_/VSARM/sdk/pico/pico-sdk/src/rp2_common/pico_bootrom/bootrom.c.obj
                0x10004398                rom_data_lookup
 .text.rom_funcs_lookup
                0x100043a8       0x44 CMakeFiles/power_led_driver.dir/C_/VSARM/sdk/pico/pico-sdk/src/rp2_common/pico_bootrom/bootrom.c.obj
                0x100043a8                rom_funcs_lookup
 .text.__wrap___aeabi_idiv
                0x100043ec       0x50 CMakeFiles/power_led_driver.dir/C_/VSARM/sdk/pico/pico-sdk/src/rp2_common/pico_divider/divider.S.obj
                0x100043ec                __wrap___aeabi_idivmod
                0x100043ec                divmod_s32s32
                0x100043ec                div_s32s32
                0x100043ec                __wrap___aeabi_idiv
                0x100043f4                divmod_s32s32_unsafe
                0x10004420                divmod_s32s32_savestate
 .text.__wrap___aeabi_uidiv
                0x1000443c       0x4c CMakeFiles/power_led_driver.dir/C_/VSARM/sdk/pico/pico-sdk/src/rp2_common/pico_divider/divider.S.obj
                0x1000443c                __wrap___aeabi_uidiv
                0x1000443c                __wrap___aeabi_uidivmod
                0x1000443c                div_u32u32
                0x1000443c                divmod_u32u32
                0x10004444                divmod_u32u32_unsafe
                0x1000446c                divmod_u32u32_savestate
 .text.__wrap___aeabi_ldiv
                0x10004488      0x434 CMakeFiles/power_led_driver.dir/C_/VSARM/sdk/pico/pico-sdk/src/rp2_common/pico_divider/divider.S.obj
                0x10004488                div_s64s64
                0x10004488                divmod_s64s64
                0x10004488                __wrap___aeabi_ldivmod
                0x100044c0                divmod_u64u64
                0x100044c0                div_u64u64
                0x100044c0                __wrap___aeabi_uldivmod
                0x100044d0                divmod_u64u64_savestate
                0x100044f8                divmod_s64s64_unsafe
                0x10004580                divmod_u64u64_unsafe
 .text.__wrap___aeabi_darithmetic
                0x100048bc       0x80 CMakeFiles/power_led_driver.dir/C_/VSARM/sdk/pico/pico-sdk/src/rp2_common/pico_double/double_aeabi.S.obj
                0x100048bc                __wrap___aeabi_drsub
                0x100048c2                __wrap___aeabi_dsub
                0x100048d4                __wrap___aeabi_dadd
                0x100048e6                __wrap___aeabi_ddiv
                0x10004922                __wrap___aeabi_dmul
 .text.__wrap___aeabi_cdcmple
                0x1000493c       0x6c CMakeFiles/power_led_driver.dir/C_/VSARM/sdk/pico/pico-sdk/src/rp2_common/pico_double/double_aeabi.S.obj
                0x1000493c                __wrap___aeabi_cdrcmple
                0x1000494c                __wrap___aeabi_cdcmpeq
                0x1000494c                __wrap___aeabi_cdcmple
 .text.__wrap___aeabi_dcmplt
                0x100049a8        0xc CMakeFiles/power_led_driver.dir/C_/VSARM/sdk/pico/pico-sdk/src/rp2_common/pico_double/double_aeabi.S.obj
                0x100049a8                __wrap___aeabi_dcmplt
 .text.__wrap___aeabi_dcmple
                0x100049b4       0x10 CMakeFiles/power_led_driver.dir/C_/VSARM/sdk/pico/pico-sdk/src/rp2_common/pico_double/double_aeabi.S.obj
                0x100049b4                __wrap___aeabi_dcmple
 .text.__wrap___aeabi_dcmpge
                0x100049c4       0x10 CMakeFiles/power_led_driver.dir/C_/VSARM/sdk/pico/pico-sdk/src/rp2_common/pico_double/double_aeabi.S.obj
                0x100049c4                __wrap___aeabi_dcmpge
 .text.__wrap___aeabi_dcmpgt
                0x100049d4        0xa CMakeFiles/power_led_driver.dir/C_/VSARM/sdk/pico/pico-sdk/src/rp2_common/pico_double/double_aeabi.S.obj
                0x100049d4                __wrap___aeabi_dcmpgt
 .text.__wrap___aeabi_dcmpun
                0x100049de       0x1c CMakeFiles/power_led_driver.dir/C_/VSARM/sdk/pico/pico-sdk/src/rp2_common/pico_double/double_aeabi.S.obj
                0x100049de                __wrap___aeabi_dcmpun
 *fill*         0x100049fa        0x2 
 .text.__wrap___aeabi_i2d
                0x100049fc       0x38 CMakeFiles/power_led_driver.dir/C_/VSARM/sdk/pico/pico-sdk/src/rp2_common/pico_double/double_aeabi.S.obj
                0x100049fc                __wrap___aeabi_ui2d
                0x10004a04                __wrap___aeabi_i2d
 .text.__wrap___aeabi_d2iz
                0x10004a34       0x48 CMakeFiles/power_led_driver.dir/C_/VSARM/sdk/pico/pico-sdk/src/rp2_common/pico_double/double_aeabi.S.obj
                0x10004a34                double2int_z
                0x10004a34                __wrap___aeabi_d2iz
 .text.__wrap___aeabi_d2uiz
                0x10004a7c       0x18 CMakeFiles/power_led_driver.dir/C_/VSARM/sdk/pico/pico-sdk/src/rp2_common/pico_double/double_aeabi.S.obj
                0x10004a7c                __wrap___aeabi_d2uiz
                0x10004a7c                double2uint
 .text.__aeabi_double_init
                0x10004a94       0x94 CMakeFiles/power_led_driver.dir/C_/VSARM/sdk/pico/pico-sdk/src/rp2_common/pico_double/double_init_rom.c.obj
                0x10004a94                __aeabi_double_init
 .text.double_table_shim_on_use_helper
                0x10004b28       0x2c CMakeFiles/power_led_driver.dir/C_/VSARM/sdk/pico/pico-sdk/src/rp2_common/pico_double/double_v1_rom_shim.S.obj
                0x10004b28                double_table_shim_on_use_helper
 .text.__wrap___aeabi_dsub
                0x10004b54       0x10 CMakeFiles/power_led_driver.dir/C_/VSARM/sdk/pico/pico-sdk/src/rp2_common/pico_double/double_v1_rom_shim.S.obj
                0x10004b54                drsub_shim
                0x10004b5a                dsub_shim
 .text.dadd_shim
                0x10004b64      0x15c CMakeFiles/power_led_driver.dir/C_/VSARM/sdk/pico/pico-sdk/src/rp2_common/pico_double/double_v1_rom_shim.S.obj
                0x10004b64                dadd_shim
 .text.dmul_shim
                0x10004cc0      0x15c CMakeFiles/power_led_driver.dir/C_/VSARM/sdk/pico/pico-sdk/src/rp2_common/pico_double/double_v1_rom_shim.S.obj
                0x10004cc0                dmul_shim
 .text.ddiv_shim
                0x10004e1c      0x1b0 CMakeFiles/power_led_driver.dir/C_/VSARM/sdk/pico/pico-sdk/src/rp2_common/pico_double/double_v1_rom_shim.S.obj
                0x10004e1c                ddiv_shim
 .text.double2uint_shim
                0x10004fcc        0xe CMakeFiles/power_led_driver.dir/C_/VSARM/sdk/pico/pico-sdk/src/rp2_common/pico_double/double_v1_rom_shim.S.obj
                0x10004fcc                double2uint_shim
                0x10004fce                double2ufix_shim
 *fill*         0x10004fda        0x2 
 .text.double2uint64_shim
                0x10004fdc       0x70 CMakeFiles/power_led_driver.dir/C_/VSARM/sdk/pico/pico-sdk/src/rp2_common/pico_double/double_v1_rom_shim.S.obj
                0x10004fdc                double2uint64_shim
                0x10004fde                double2ufix64_shim
                0x10004ffe                d2fix_a
 .text.dunpacks
                0x1000504c       0x3c CMakeFiles/power_led_driver.dir/C_/VSARM/sdk/pico/pico-sdk/src/rp2_common/pico_double/double_v1_rom_shim.S.obj
                0x1000504c                dunpacks
 .text.__aeabi_float_init
                0x10005088       0x64 CMakeFiles/power_led_driver.dir/C_/VSARM/sdk/pico/pico-sdk/src/rp2_common/pico_float/float_init_rom.c.obj
                0x10005088                __aeabi_float_init
 .text.float_table_shim_on_use_helper
                0x100050ec       0x2c CMakeFiles/power_led_driver.dir/C_/VSARM/sdk/pico/pico-sdk/src/rp2_common/pico_float/float_v1_rom_shim.S.obj
                0x100050ec                float_table_shim_on_use_helper
 .text          0x10005118       0x10 CMakeFiles/power_led_driver.dir/C_/VSARM/sdk/pico/pico-sdk/src/rp2_common/pico_mem_ops/mem_ops_aeabi.S.obj
                0x10005118                __aeabi_mem_init
 .text.memset   0x10005128        0xc CMakeFiles/power_led_driver.dir/C_/VSARM/sdk/pico/pico-sdk/src/rp2_common/pico_mem_ops/mem_ops_aeabi.S.obj
                0x10005128                __wrap_memset
 .text.memcpy   0x10005134        0xc CMakeFiles/power_led_driver.dir/C_/VSARM/sdk/pico/pico-sdk/src/rp2_common/pico_mem_ops/mem_ops_aeabi.S.obj
                0x10005134                __wrap_memcpy
                0x10005134                __wrap___aeabi_memcpy
 .text.stdio_out_chars_no_crlf
                0x10005140       0x10 CMakeFiles/power_led_driver.dir/C_/VSARM/sdk/pico/pico-sdk/src/rp2_common/pico_stdio/stdio.c.obj
 .text.stdio_out_chars_crlf
                0x10005150       0xb4 CMakeFiles/power_led_driver.dir/C_/VSARM/sdk/pico/pico-sdk/src/rp2_common/pico_stdio/stdio.c.obj
 .text.stdio_put_string.isra.0
                0x10005204       0xfc CMakeFiles/power_led_driver.dir/C_/VSARM/sdk/pico/pico-sdk/src/rp2_common/pico_stdio/stdio.c.obj
 .text.__wrap_putchar
                0x10005300       0xa0 CMakeFiles/power_led_driver.dir/C_/VSARM/sdk/pico/pico-sdk/src/rp2_common/pico_stdio/stdio.c.obj
                0x10005300                __wrap_putchar
 .text.__wrap_puts
                0x100053a0       0x3c CMakeFiles/power_led_driver.dir/C_/VSARM/sdk/pico/pico-sdk/src/rp2_common/pico_stdio/stdio.c.obj
                0x100053a0                __wrap_puts
 .text.i2c_set_baudrate
                0x100053dc       0xc4 CMakeFiles/power_led_driver.dir/C_/VSARM/sdk/pico/pico-sdk/src/rp2_common/hardware_i2c/i2c.c.obj
                0x100053dc                i2c_set_baudrate
 .text.i2c_init
                0x100054a0       0x54 CMakeFiles/power_led_driver.dir/C_/VSARM/sdk/pico/pico-sdk/src/rp2_common/hardware_i2c/i2c.c.obj
                0x100054a0                i2c_init
 .text.i2c_write_blocking
                0x100054f4       0xcc CMakeFiles/power_led_driver.dir/C_/VSARM/sdk/pico/pico-sdk/src/rp2_common/hardware_i2c/i2c.c.obj
                0x100054f4                i2c_write_blocking
 .text.i2c_read_blocking
                0x100055c0       0xac CMakeFiles/power_led_driver.dir/C_/VSARM/sdk/pico/pico-sdk/src/rp2_common/hardware_i2c/i2c.c.obj
                0x100055c0                i2c_read_blocking
 .text.atoi     0x1000566c        0xc c:/vsarm/armcc/112202~1.02/bin/../lib/gcc/arm-none-eabi/11.2.1/thumb/v6-m/nofp\libc.a(lib_a-atoi.o)
                0x1000566c                atoi
 .text.__errno  0x10005678        0xc c:/vsarm/armcc/112202~1.02/bin/../lib/gcc/arm-none-eabi/11.2.1/thumb/v6-m/nofp\libc.a(lib_a-errno.o)
                0x10005678                __errno
 .text          0x10005684       0x88 c:/vsarm/armcc/112202~1.02/bin/../lib/gcc/arm-none-eabi/11.2.1/thumb/v6-m/nofp\libc.a(lib_a-strcmp.o)
                0x10005684                strcmp
 .text.strlen   0x1000570c       0x5c c:/vsarm/armcc/112202~1.02/bin/../lib/gcc/arm-none-eabi/11.2.1/thumb/v6-m/nofp\libc.a(lib_a-strlen-stub.o)
                0x1000570c                strlen
 .text.two_way_long_needle
                0x10005768      0x288 c:/vsarm/armcc/112202~1.02/bin/../lib/gcc/arm-none-eabi/11.2.1/thumb/v6-m/nofp\libc.a(lib_a-strstr.o)
 .text.strstr   0x100059f0      0x178 c:/vsarm/armcc/112202~1.02/bin/../lib/gcc/arm-none-eabi/11.2.1/thumb/v6-m/nofp\libc.a(lib_a-strstr.o)
                0x100059f0                strstr
 .text.strtok   0x10005b68       0x14 c:/vsarm/armcc/112202~1.02/bin/../lib/gcc/arm-none-eabi/11.2.1/thumb/v6-m/nofp\libc.a(lib_a-strtok.o)
                0x10005b68                strtok
 .text.__strtok_r
                0x10005b7c       0x6c c:/vsarm/armcc/112202~1.02/bin/../lib/gcc/arm-none-eabi/11.2.1/thumb/v6-m/nofp\libc.a(lib_a-strtok_r.o)
                0x10005b7c                __strtok_r
 .text._strtol_l.constprop.0
                0x10005be8      0x16c c:/vsarm/armcc/112202~1.02/bin/../lib/gcc/arm-none-eabi/11.2.1/thumb/v6-m/nofp\libc.a(lib_a-strtol.o)
 .text.strtol   0x10005d54       0x18 c:/vsarm/armcc/112202~1.02/bin/../lib/gcc/arm-none-eabi/11.2.1/thumb/v6-m/nofp\libc.a(lib_a-strtol.o)
                0x10005d54                strtol
 .text.strchr   0x10005d6c       0xc0 c:/vsarm/armcc/112202~1.02/bin/../lib/gcc/arm-none-eabi/11.2.1/thumb/v6-m/nofp\libc.a(lib_a-strchr.o)
                0x10005d6c                strchr
 .text.strnlen  0x10005e2c       0x24 c:/vsarm/armcc/112202~1.02/bin/../lib/gcc/arm-none-eabi/11.2.1/thumb/v6-m/nofp\libc.a(lib_a-strnlen.o)
                0x10005e2c                strnlen
 *(.fini)
 .fini          0x10005e50        0x4 c:/vsarm/armcc/112202~1.02/bin/../lib/gcc/arm-none-eabi/11.2.1/thumb/v6-m/nofp/crti.o
                0x10005e50                _fini
 *fill*         0x10005e54        0x4 
 .fini.__stub   0x10005e58       0x80 linker stubs
 *crtbegin.o(.ctors)
 *crtbegin?.o(.ctors)
 *(EXCLUDE_FILE(*crtend.o *crtend?.o) .ctors)
 *(SORT_BY_NAME(.ctors.*))
 *(.ctors)
 *crtbegin.o(.dtors)
 *crtbegin?.o(.dtors)
 *(EXCLUDE_FILE(*crtend.o *crtend?.o) .dtors)
 *(SORT_BY_NAME(.dtors.*))
 *(.dtors)
 *(.eh_frame*)
 .eh_frame      0x10005ed8        0x0 c:/vsarm/armcc/112202~1.02/bin/../lib/gcc/arm-none-eabi/11.2.1/thumb/v6-m/nofp/crtbegin.o
                0x10005ed8                . = ALIGN (0x4)

.glue_7         0x10005ed8        0x0
 .glue_7        0x10005ed8        0x0 linker stubs

.glue_7t        0x10005ed8        0x0
 .glue_7t       0x10005ed8        0x0 linker stubs

.vfp11_veneer   0x10005ed8        0x0
 .vfp11_veneer  0x10005ed8        0x0 linker stubs

.v4_bx          0x10005ed8        0x0
 .v4_bx         0x10005ed8        0x0 linker stubs

.iplt           0x10005ed8        0x0
 .iplt          0x10005ed8        0x0 c:/vsarm/armcc/112202~1.02/bin/../lib/gcc/arm-none-eabi/11.2.1/thumb/v6-m/nofp/crtbegin.o

.rodata         0x10005ed8      0x634
 *(EXCLUDE_FILE(*libm.a: *libc.a:*lib_a-mem*.o *libgcc.a:) .rodata*)
 .rodata.update_RTC.str1.4
                0x10005ed8        0xd CMakeFiles/power_led_driver.dir/main.c.obj
 *fill*         0x10005ee5        0x3 
 .rodata.diodes_on.str1.4
                0x10005ee8       0x16 CMakeFiles/power_led_driver.dir/main.c.obj
 *fill*         0x10005efe        0x2 
 .rodata.sunrise_simulation.str1.4
                0x10005f00       0x20 CMakeFiles/power_led_driver.dir/main.c.obj
 .rodata.sunset_simulation.str1.4
                0x10005f20       0x25 CMakeFiles/power_led_driver.dir/main.c.obj
 *fill*         0x10005f45        0x3 
 .rodata.check_valid_command.part.0.str1.4
                0x10005f48      0x1ac CMakeFiles/power_led_driver.dir/main.c.obj
 .rodata.check_valid_command.str1.4
                0x100060f4       0x20 CMakeFiles/power_led_driver.dir/main.c.obj
 .rodata.main.str1.4
                0x10006114       0x15 CMakeFiles/power_led_driver.dir/main.c.obj
 *fill*         0x10006129        0x3 
 .rodata        0x1000612c        0x5 CMakeFiles/power_led_driver.dir/main.c.obj
 *fill*         0x10006131        0x3 
 .rodata.CSWTCH.88
                0x10006134        0xc CMakeFiles/power_led_driver.dir/main.c.obj
 .rodata.CSWTCH.94
                0x10006140       0x10 CMakeFiles/power_led_driver.dir/main.c.obj
 .rodata.hardware_alarm_claim.str1.4
                0x10006150       0x22 CMakeFiles/power_led_driver.dir/C_/VSARM/sdk/pico/pico-sdk/src/rp2_common/hardware_timer/timer.c.obj
 *fill*         0x10006172        0x2 
 .rodata.panic.str1.4
                0x10006174       0x10 CMakeFiles/power_led_driver.dir/C_/VSARM/sdk/pico/pico-sdk/src/rp2_common/pico_runtime/runtime.c.obj
                                 0x12 (size before relaxing)
 .rodata.hard_assertion_failure.str1.4
                0x10006184        0xc CMakeFiles/power_led_driver.dir/C_/VSARM/sdk/pico/pico-sdk/src/rp2_common/pico_runtime/runtime.c.obj
 .rodata._ftoa.str1.4
                0x10006190       0x15 CMakeFiles/power_led_driver.dir/C_/VSARM/sdk/pico/pico-sdk/src/rp2_common/pico_printf/printf.c.obj
 *fill*         0x100061a5        0x3 
 .rodata._vsnprintf
                0x100061a8      0x19c CMakeFiles/power_led_driver.dir/C_/VSARM/sdk/pico/pico-sdk/src/rp2_common/pico_printf/printf.c.obj
 *fill*         0x10006344        0x4 
 .rodata.pow10.0
                0x10006348       0x50 CMakeFiles/power_led_driver.dir/C_/VSARM/sdk/pico/pico-sdk/src/rp2_common/pico_printf/printf.c.obj
 .rodata.str1.4
                0x10006398       0x48 CMakeFiles/power_led_driver.dir/C_/VSARM/sdk/pico/pico-sdk/src/rp2_common/pico_standard_link/binary_info.c.obj
 .rodata.__bi_44
                0x100063e0        0xc CMakeFiles/power_led_driver.dir/C_/VSARM/sdk/pico/pico-sdk/src/rp2_common/pico_standard_link/binary_info.c.obj
 .rodata.__bi_75
                0x100063ec        0xc CMakeFiles/power_led_driver.dir/C_/VSARM/sdk/pico/pico-sdk/src/rp2_common/pico_standard_link/binary_info.c.obj
 .rodata.__bi_81
                0x100063f8        0xc CMakeFiles/power_led_driver.dir/C_/VSARM/sdk/pico/pico-sdk/src/rp2_common/pico_standard_link/binary_info.c.obj
 .rodata.crlf_str.0
                0x10006404        0x2 CMakeFiles/power_led_driver.dir/C_/VSARM/sdk/pico/pico-sdk/src/rp2_common/pico_stdio/stdio.c.obj
 *fill*         0x10006406        0x2 
 .rodata._ctype_
                0x10006408      0x101 c:/vsarm/armcc/112202~1.02/bin/../lib/gcc/arm-none-eabi/11.2.1/thumb/v6-m/nofp\libc.a(lib_a-ctype_.o)
                0x10006408                _ctype_
                0x1000650c                . = ALIGN (0x4)
 *fill*         0x10006509        0x3 
 *(SORT_BY_ALIGNMENT(SORT_BY_NAME(.flashdata*)))
                0x1000650c                . = ALIGN (0x4)

.rel.dyn        0x1000650c        0x0
 .rel.iplt      0x1000650c        0x0 c:/vsarm/armcc/112202~1.02/bin/../lib/gcc/arm-none-eabi/11.2.1/thumb/v6-m/nofp/crtbegin.o

.ARM.extab
 *(.ARM.extab* .gnu.linkonce.armextab.*)
                0x1000650c                __exidx_start = .

.ARM.exidx
 *(.ARM.exidx* .gnu.linkonce.armexidx.*)
                0x1000650c                __exidx_end = .
                0x1000650c                . = ALIGN (0x4)
                0x1000650c                __binary_info_start = .

.binary_info    0x1000650c       0x1c
 *(.binary_info.keep.*)
 .binary_info.keep.__bi_ptr22
                0x1000650c        0x4 CMakeFiles/power_led_driver.dir/C_/VSARM/sdk/pico/pico-sdk/src/rp2_common/pico_standard_link/binary_info.c.obj
 .binary_info.keep.__bi_ptr30
                0x10006510        0x4 CMakeFiles/power_led_driver.dir/C_/VSARM/sdk/pico/pico-sdk/src/rp2_common/pico_standard_link/binary_info.c.obj
 .binary_info.keep.__bi_ptr38
                0x10006514        0x4 CMakeFiles/power_led_driver.dir/C_/VSARM/sdk/pico/pico-sdk/src/rp2_common/pico_standard_link/binary_info.c.obj
 .binary_info.keep.__bi_ptr44
                0x10006518        0x4 CMakeFiles/power_led_driver.dir/C_/VSARM/sdk/pico/pico-sdk/src/rp2_common/pico_standard_link/binary_info.c.obj
 .binary_info.keep.__bi_ptr50
                0x1000651c        0x4 CMakeFiles/power_led_driver.dir/C_/VSARM/sdk/pico/pico-sdk/src/rp2_common/pico_standard_link/binary_info.c.obj
 .binary_info.keep.__bi_ptr75
                0x10006520        0x4 CMakeFiles/power_led_driver.dir/C_/VSARM/sdk/pico/pico-sdk/src/rp2_common/pico_standard_link/binary_info.c.obj
 .binary_info.keep.__bi_ptr81
                0x10006524        0x4 CMakeFiles/power_led_driver.dir/C_/VSARM/sdk/pico/pico-sdk/src/rp2_common/pico_standard_link/binary_info.c.obj
 *(.binary_info.*)
                0x10006528                __binary_info_end = .
                0x10006528                . = ALIGN (0x4)
                0x10006528                __etext = .

.ram_vector_table
                0x20000000       0xc0
 *(.ram_vector_table)
 .ram_vector_table
                0x20000000       0xc0 CMakeFiles/power_led_driver.dir/C_/VSARM/sdk/pico/pico-sdk/src/rp2_common/pico_runtime/runtime.c.obj
                0x20000000                ram_vector_table

.data           0x200000c0      0x744 load address 0x10006528
                0x200000c0                __data_start__ = .
 *(vtable)
 *(.time_critical*)
 .time_critical.mutex_enter_blocking
                0x200000c0       0x48 CMakeFiles/power_led_driver.dir/C_/VSARM/sdk/pico/pico-sdk/src/common/pico_sync/mutex.c.obj
                0x200000c0                mutex_enter_blocking
 .time_critical.mutex_try_enter
                0x20000108       0x44 CMakeFiles/power_led_driver.dir/C_/VSARM/sdk/pico/pico-sdk/src/common/pico_sync/mutex.c.obj
                0x20000108                mutex_try_enter
 .time_critical.mutex_exit
                0x2000014c       0x28 CMakeFiles/power_led_driver.dir/C_/VSARM/sdk/pico/pico-sdk/src/common/pico_sync/mutex.c.obj
                0x2000014c                mutex_exit
 .time_critical.flash_init_boot2_copyout
                0x20000174       0x30 CMakeFiles/power_led_driver.dir/C_/VSARM/sdk/pico/pico-sdk/src/rp2_common/hardware_flash/flash.c.obj
 .time_critical.flash_enable_xip_via_boot2
                0x200001a4       0x10 CMakeFiles/power_led_driver.dir/C_/VSARM/sdk/pico/pico-sdk/src/rp2_common/hardware_flash/flash.c.obj
 .time_critical.flash_range_erase
                0x200001b4       0x80 CMakeFiles/power_led_driver.dir/C_/VSARM/sdk/pico/pico-sdk/src/rp2_common/hardware_flash/flash.c.obj
                0x200001b4                flash_range_erase
 .time_critical.flash_range_program
                0x20000234       0x80 CMakeFiles/power_led_driver.dir/C_/VSARM/sdk/pico/pico-sdk/src/rp2_common/hardware_flash/flash.c.obj
                0x20000234                flash_range_program
 *(.text*)
 .text          0x200002b4        0x4 c:/vsarm/armcc/112202~1.02/bin/../lib/gcc/arm-none-eabi/11.2.1/thumb/v6-m/nofp\libgcc.a(_dvmd_tls.o)
                0x200002b4                __aeabi_idiv0
                0x200002b4                __aeabi_ldiv0
 .text.memcmp   0x200002b8       0x48 c:/vsarm/armcc/112202~1.02/bin/../lib/gcc/arm-none-eabi/11.2.1/thumb/v6-m/nofp\libc.a(lib_a-memcmp.o)
                0x200002b8                memcmp
 .text.memcmp.__stub
                0x20000300       0x10 linker stubs
                0x20000310                . = ALIGN (0x4)
 *(.rodata*)
                0x20000310                . = ALIGN (0x4)
 *(.data*)
 .data.striped_spin_lock_num
                0x20000310        0x1 CMakeFiles/power_led_driver.dir/C_/VSARM/sdk/pico/pico-sdk/src/rp2_common/hardware_sync/sync.c.obj
 *fill*         0x20000311        0x3 
 .data.default_alarm_pool
                0x20000314       0x18 CMakeFiles/power_led_driver.dir/C_/VSARM/sdk/pico/pico-sdk/src/common/pico_time/time.c.obj
 .data.default_alarm_pool_heap
                0x2000032c       0x10 CMakeFiles/power_led_driver.dir/C_/VSARM/sdk/pico/pico-sdk/src/common/pico_time/time.c.obj
 .data          0x2000033c       0x48 CMakeFiles/power_led_driver.dir/C_/VSARM/sdk/pico/pico-sdk/src/rp2_common/hardware_irq/irq_handler_chain.S.obj
                0x2000033c                irq_handler_chain_slots
                0x2000036c                irq_handler_chain_first_slot
                0x20000376                irq_handler_chain_remove_tail
 *fill*         0x20000384        0xc 
 .data.aeabi_bits_funcs
                0x20000390       0x10 CMakeFiles/power_led_driver.dir/C_/VSARM/sdk/pico/pico-sdk/src/rp2_common/pico_bit_ops/bit_ops_aeabi.S.obj
                0x20000390                aeabi_bits_funcs
                0x200003a0                aeabi_bits_funcs_end
 .data.aeabi_mem_funcs
                0x200003a0       0x10 CMakeFiles/power_led_driver.dir/C_/VSARM/sdk/pico/pico-sdk/src/rp2_common/pico_mem_ops/mem_ops_aeabi.S.obj
                0x200003a0                aeabi_mem_funcs
                0x200003b0                aeabi_mem_funcs_end
 .data.i2c0_inst
                0x200003b0        0x8 CMakeFiles/power_led_driver.dir/C_/VSARM/sdk/pico/pico-sdk/src/rp2_common/hardware_i2c/i2c.c.obj
                0x200003b0                i2c0_inst
 .data._impure_ptr
                0x200003b8        0x4 c:/vsarm/armcc/112202~1.02/bin/../lib/gcc/arm-none-eabi/11.2.1/thumb/v6-m/nofp\libc.a(lib_a-impure.o)
                0x200003b8                _impure_ptr
 *fill*         0x200003bc        0x4 
 .data.impure_data
                0x200003c0      0x428 c:/vsarm/armcc/112202~1.02/bin/../lib/gcc/arm-none-eabi/11.2.1/thumb/v6-m/nofp\libc.a(lib_a-impure.o)
                0x200007e8                . = ALIGN (0x4)
 *(.after_data.*)
                0x200007e8                . = ALIGN (0x4)
                0x200007e8                PROVIDE (__mutex_array_start = .)
 *(SORT_BY_NAME(.mutex_array.*))
 *(.mutex_array)
 .mutex_array   0x200007e8        0x8 CMakeFiles/power_led_driver.dir/C_/VSARM/sdk/pico/pico-sdk/src/rp2_common/pico_stdio/stdio.c.obj
                0x200007f0                PROVIDE (__mutex_array_end = .)
                0x200007f0                . = ALIGN (0x4)
                0x200007f0                PROVIDE (__preinit_array_start = .)
 *(SORT_BY_NAME(.preinit_array.*))
 .preinit_array.00001
                0x200007f0        0x4 CMakeFiles/power_led_driver.dir/C_/VSARM/sdk/pico/pico-sdk/src/rp2_common/pico_mem_ops/mem_ops_aeabi.S.obj
 .preinit_array.00010
                0x200007f4        0x4 CMakeFiles/power_led_driver.dir/C_/VSARM/sdk/pico/pico-sdk/src/rp2_common/pico_bit_ops/bit_ops_aeabi.S.obj
 .preinit_array.00020
                0x200007f8        0x4 CMakeFiles/power_led_driver.dir/C_/VSARM/sdk/pico/pico-sdk/src/rp2_common/pico_double/double_aeabi.S.obj
 .preinit_array.00020
                0x200007fc        0x4 CMakeFiles/power_led_driver.dir/C_/VSARM/sdk/pico/pico-sdk/src/rp2_common/pico_float/float_aeabi.S.obj
 *(.preinit_array)
                0x20000800                PROVIDE (__preinit_array_end = .)
                0x20000800                . = ALIGN (0x4)
                0x20000800                PROVIDE (__init_array_start = .)
 *(SORT_BY_NAME(.init_array.*))
 *(.init_array)
 .init_array    0x20000800        0x4 c:/vsarm/armcc/112202~1.02/bin/../lib/gcc/arm-none-eabi/11.2.1/thumb/v6-m/nofp/crtbegin.o
                0x20000804                PROVIDE (__init_array_end = .)
                0x20000804                . = ALIGN (0x4)
                [!provide]                PROVIDE (__fini_array_start = .)
 *(SORT_BY_NAME(.fini_array.*))
 *(.fini_array)
                [!provide]                PROVIDE (__fini_array_end = .)
 *(.jcr)
                0x20000804                . = ALIGN (0x4)
                0x20000804                __data_end__ = .

.tm_clone_table
                0x20000804        0x0 load address 0x10006c6c
 .tm_clone_table
                0x20000804        0x0 c:/vsarm/armcc/112202~1.02/bin/../lib/gcc/arm-none-eabi/11.2.1/thumb/v6-m/nofp/crtbegin.o
 .tm_clone_table
                0x20000804        0x0 c:/vsarm/armcc/112202~1.02/bin/../lib/gcc/arm-none-eabi/11.2.1/thumb/v6-m/nofp/crtend.o

.igot.plt       0x20000804        0x0 load address 0x10006c6c
 .igot.plt      0x20000804        0x0 c:/vsarm/armcc/112202~1.02/bin/../lib/gcc/arm-none-eabi/11.2.1/thumb/v6-m/nofp/crtbegin.o

.uninitialized_data
                0x20000804        0x0 load address 0x10006c6c
                0x20000804                . = ALIGN (0x4)
 *(.uninitialized_data*)

.scratch_x      0x20040000        0x0 load address 0x10006c6c
                0x20040000                __scratch_x_start__ = .
 *(.scratch_x.*)
                0x20040000                . = ALIGN (0x4)
                0x20040000                __scratch_x_end__ = .
                0x10006c6c                __scratch_x_source__ = LOADADDR (.scratch_x)

.scratch_y      0x20041000        0x0 load address 0x10006c6c
                0x20041000                __scratch_y_start__ = .
 *(.scratch_y.*)
                0x20041000                . = ALIGN (0x4)
                0x20041000                __scratch_y_end__ = .
                0x10006c6c                __scratch_y_source__ = LOADADDR (.scratch_y)

.bss            0x20000808      0x4e4
                0x20000808                . = ALIGN (0x4)
                0x20000808                __bss_start__ = .
 *(SORT_BY_ALIGNMENT(SORT_BY_NAME(.bss*)))
 .bss.default_alarm_pool_entries
                0x20000808      0x100 CMakeFiles/power_led_driver.dir/C_/VSARM/sdk/pico/pico-sdk/src/common/pico_time/time.c.obj
 .bss.sd_table  0x20000908      0x100 CMakeFiles/power_led_driver.dir/C_/VSARM/sdk/pico/pico-sdk/src/rp2_common/pico_double/double_init_rom.c.obj
                0x20000908                sd_table
 .bss.sf_table  0x20000a08      0x100 CMakeFiles/power_led_driver.dir/C_/VSARM/sdk/pico/pico-sdk/src/rp2_common/pico_float/float_init_rom.c.obj
                0x20000a08                sf_table
 .bss.alarm_callbacks
                0x20000b08       0x10 CMakeFiles/power_led_driver.dir/C_/VSARM/sdk/pico/pico-sdk/src/rp2_common/hardware_timer/timer.c.obj
 .bss.boot2_copyout
                0x20000b18      0x100 CMakeFiles/power_led_driver.dir/C_/VSARM/sdk/pico/pico-sdk/src/rp2_common/hardware_flash/flash.c.obj
 .bss.configuration
                0x20000c18       0x18 CMakeFiles/power_led_driver.dir/main.c.obj
                0x20000c18                configuration
 .bss.configured_freq
                0x20000c30       0x28 CMakeFiles/power_led_driver.dir/C_/VSARM/sdk/pico/pico-sdk/src/rp2_common/hardware_clocks/clocks.c.obj
 .bss.default_alarm_pool_entry_ids_high
                0x20000c58       0x10 CMakeFiles/power_led_driver.dir/C_/VSARM/sdk/pico/pico-sdk/src/common/pico_time/time.c.obj
 .bss.default_alarm_pool_heap_nodes
                0x20000c68       0x30 CMakeFiles/power_led_driver.dir/C_/VSARM/sdk/pico/pico-sdk/src/common/pico_time/time.c.obj
 .bss.drivers   0x20000c98        0x4 CMakeFiles/power_led_driver.dir/C_/VSARM/sdk/pico/pico-sdk/src/rp2_common/pico_stdio/stdio.c.obj
 .bss.filter    0x20000c9c        0x4 CMakeFiles/power_led_driver.dir/C_/VSARM/sdk/pico/pico-sdk/src/rp2_common/pico_stdio/stdio.c.obj
 .bss.lazy_vsnprintf
                0x20000ca0        0x4 CMakeFiles/power_led_driver.dir/C_/VSARM/sdk/pico/pico-sdk/src/rp2_common/pico_printf/printf.c.obj
 .bss.object.0  0x20000ca4       0x18 c:/vsarm/armcc/112202~1.02/bin/../lib/gcc/arm-none-eabi/11.2.1/thumb/v6-m/nofp/crtbegin.o
 .bss.pools     0x20000cbc       0x10 CMakeFiles/power_led_driver.dir/C_/VSARM/sdk/pico/pico-sdk/src/common/pico_time/time.c.obj
 .bss.sf_clz_func
                0x20000ccc        0x4 CMakeFiles/power_led_driver.dir/C_/VSARM/sdk/pico/pico-sdk/src/rp2_common/pico_double/double_init_rom.c.obj
                0x20000ccc                sf_clz_func
 .bss.sleep_notifier
                0x20000cd0        0x4 CMakeFiles/power_led_driver.dir/C_/VSARM/sdk/pico/pico-sdk/src/common/pico_time/time.c.obj
 .bss.target_hi
                0x20000cd4       0x10 CMakeFiles/power_led_driver.dir/C_/VSARM/sdk/pico/pico-sdk/src/rp2_common/hardware_timer/timer.c.obj
 .bss.uart_char_to_line_feed
                0x20000ce4        0x4 CMakeFiles/power_led_driver.dir/C_/VSARM/sdk/pico/pico-sdk/src/rp2_common/hardware_uart/uart.c.obj
                0x20000ce4                uart_char_to_line_feed
 .bss.boot2_copyout_valid
                0x20000ce8        0x1 CMakeFiles/power_led_driver.dir/C_/VSARM/sdk/pico/pico-sdk/src/rp2_common/hardware_flash/flash.c.obj
 .bss.claimed   0x20000ce9        0x1 CMakeFiles/power_led_driver.dir/C_/VSARM/sdk/pico/pico-sdk/src/rp2_common/hardware_timer/timer.c.obj
 .bss.irq_hander_chain_free_slot_head
                0x20000cea        0x1 CMakeFiles/power_led_driver.dir/C_/VSARM/sdk/pico/pico-sdk/src/rp2_common/hardware_irq/irq.c.obj
 .bss.timer_callbacks_pending
                0x20000ceb        0x1 CMakeFiles/power_led_driver.dir/C_/VSARM/sdk/pico/pico-sdk/src/rp2_common/hardware_timer/timer.c.obj
 *(COMMON)
                0x20000cec                . = ALIGN (0x4)
                0x20000cec                __bss_end__ = .

.heap           0x20000cec      0x800
                0x20000cec                __end__ = .
                0x20000cec                end = __end__
 *(.heap*)
 .heap          0x20000cec      0x800 CMakeFiles/power_led_driver.dir/C_/VSARM/sdk/pico/pico-sdk/src/rp2_common/pico_standard_link/crt0.S.obj
                0x200014ec                __HeapLimit = .

.stack1_dummy   0x20040000        0x0
 *(.stack1*)

.stack_dummy    0x20041000      0x800
 *(.stack*)
 .stack         0x20041000      0x800 CMakeFiles/power_led_driver.dir/C_/VSARM/sdk/pico/pico-sdk/src/rp2_common/pico_standard_link/crt0.S.obj

.flash_end      0x10006c6c        0x0
                0x10006c6c                __flash_binary_end = .
                0x20040000                __StackLimit = (ORIGIN (RAM) + LENGTH (RAM))
                0x20041000                __StackOneTop = (ORIGIN (SCRATCH_X) + LENGTH (SCRATCH_X))
                0x20042000                __StackTop = (ORIGIN (SCRATCH_Y) + LENGTH (SCRATCH_Y))
                0x20041000                __StackOneBottom = (__StackOneTop - SIZEOF (.stack1_dummy))
                0x20041800                __StackBottom = (__StackTop - SIZEOF (.stack_dummy))
                0x20042000                PROVIDE (__stack = __StackTop)
                0x00000001                ASSERT ((__StackLimit >= __HeapLimit), region RAM overflowed)
                0x00000001                ASSERT (((__binary_info_header_end - __logical_binary_start) <= 0x100), Binary info must be in first 256 bytes of the binary)
LOAD CMakeFiles/power_led_driver.dir/main.c.obj
LOAD CMakeFiles/power_led_driver.dir/DS3231.c.obj
LOAD CMakeFiles/power_led_driver.dir/C_/VSARM/sdk/pico/pico-sdk/src/rp2_common/pico_stdlib/stdlib.c.obj
LOAD CMakeFiles/power_led_driver.dir/C_/VSARM/sdk/pico/pico-sdk/src/rp2_common/hardware_gpio/gpio.c.obj
LOAD CMakeFiles/power_led_driver.dir/C_/VSARM/sdk/pico/pico-sdk/src/rp2_common/hardware_claim/claim.c.obj
LOAD CMakeFiles/power_led_driver.dir/C_/VSARM/sdk/pico/pico-sdk/src/rp2_common/pico_platform/platform.c.obj
LOAD CMakeFiles/power_led_driver.dir/C_/VSARM/sdk/pico/pico-sdk/src/rp2_common/hardware_sync/sync.c.obj
LOAD CMakeFiles/power_led_driver.dir/C_/VSARM/sdk/pico/pico-sdk/src/rp2_common/hardware_uart/uart.c.obj
LOAD CMakeFiles/power_led_driver.dir/C_/VSARM/sdk/pico/pico-sdk/src/rp2_common/hardware_divider/divider.S.obj
LOAD CMakeFiles/power_led_driver.dir/C_/VSARM/sdk/pico/pico-sdk/src/common/pico_time/time.c.obj
LOAD CMakeFiles/power_led_driver.dir/C_/VSARM/sdk/pico/pico-sdk/src/common/pico_time/timeout_helper.c.obj
LOAD CMakeFiles/power_led_driver.dir/C_/VSARM/sdk/pico/pico-sdk/src/rp2_common/hardware_timer/timer.c.obj
LOAD CMakeFiles/power_led_driver.dir/C_/VSARM/sdk/pico/pico-sdk/src/common/pico_sync/sem.c.obj
LOAD CMakeFiles/power_led_driver.dir/C_/VSARM/sdk/pico/pico-sdk/src/common/pico_sync/lock_core.c.obj
LOAD CMakeFiles/power_led_driver.dir/C_/VSARM/sdk/pico/pico-sdk/src/common/pico_sync/mutex.c.obj
LOAD CMakeFiles/power_led_driver.dir/C_/VSARM/sdk/pico/pico-sdk/src/common/pico_sync/critical_section.c.obj
LOAD CMakeFiles/power_led_driver.dir/C_/VSARM/sdk/pico/pico-sdk/src/common/pico_util/datetime.c.obj
LOAD CMakeFiles/power_led_driver.dir/C_/VSARM/sdk/pico/pico-sdk/src/common/pico_util/pheap.c.obj
LOAD CMakeFiles/power_led_driver.dir/C_/VSARM/sdk/pico/pico-sdk/src/common/pico_util/queue.c.obj
LOAD CMakeFiles/power_led_driver.dir/C_/VSARM/sdk/pico/pico-sdk/src/rp2_common/pico_runtime/runtime.c.obj
LOAD CMakeFiles/power_led_driver.dir/C_/VSARM/sdk/pico/pico-sdk/src/rp2_common/hardware_clocks/clocks.c.obj
LOAD CMakeFiles/power_led_driver.dir/C_/VSARM/sdk/pico/pico-sdk/src/rp2_common/hardware_irq/irq.c.obj
LOAD CMakeFiles/power_led_driver.dir/C_/VSARM/sdk/pico/pico-sdk/src/rp2_common/hardware_irq/irq_handler_chain.S.obj
LOAD CMakeFiles/power_led_driver.dir/C_/VSARM/sdk/pico/pico-sdk/src/rp2_common/hardware_pll/pll.c.obj
LOAD CMakeFiles/power_led_driver.dir/C_/VSARM/sdk/pico/pico-sdk/src/rp2_common/hardware_vreg/vreg.c.obj
LOAD CMakeFiles/power_led_driver.dir/C_/VSARM/sdk/pico/pico-sdk/src/rp2_common/hardware_watchdog/watchdog.c.obj
LOAD CMakeFiles/power_led_driver.dir/C_/VSARM/sdk/pico/pico-sdk/src/rp2_common/hardware_xosc/xosc.c.obj
LOAD CMakeFiles/power_led_driver.dir/C_/VSARM/sdk/pico/pico-sdk/src/rp2_common/pico_printf/printf.c.obj
LOAD CMakeFiles/power_led_driver.dir/C_/VSARM/sdk/pico/pico-sdk/src/rp2_common/pico_bit_ops/bit_ops_aeabi.S.obj
LOAD CMakeFiles/power_led_driver.dir/C_/VSARM/sdk/pico/pico-sdk/src/rp2_common/pico_bootrom/bootrom.c.obj
LOAD CMakeFiles/power_led_driver.dir/C_/VSARM/sdk/pico/pico-sdk/src/rp2_common/pico_divider/divider.S.obj
LOAD CMakeFiles/power_led_driver.dir/C_/VSARM/sdk/pico/pico-sdk/src/rp2_common/pico_double/double_aeabi.S.obj
LOAD CMakeFiles/power_led_driver.dir/C_/VSARM/sdk/pico/pico-sdk/src/rp2_common/pico_double/double_init_rom.c.obj
LOAD CMakeFiles/power_led_driver.dir/C_/VSARM/sdk/pico/pico-sdk/src/rp2_common/pico_double/double_math.c.obj
LOAD CMakeFiles/power_led_driver.dir/C_/VSARM/sdk/pico/pico-sdk/src/rp2_common/pico_double/double_v1_rom_shim.S.obj
LOAD CMakeFiles/power_led_driver.dir/C_/VSARM/sdk/pico/pico-sdk/src/rp2_common/pico_int64_ops/pico_int64_ops_aeabi.S.obj
LOAD CMakeFiles/power_led_driver.dir/C_/VSARM/sdk/pico/pico-sdk/src/rp2_common/pico_float/float_aeabi.S.obj
LOAD CMakeFiles/power_led_driver.dir/C_/VSARM/sdk/pico/pico-sdk/src/rp2_common/pico_float/float_init_rom.c.obj
LOAD CMakeFiles/power_led_driver.dir/C_/VSARM/sdk/pico/pico-sdk/src/rp2_common/pico_float/float_math.c.obj
LOAD CMakeFiles/power_led_driver.dir/C_/VSARM/sdk/pico/pico-sdk/src/rp2_common/pico_float/float_v1_rom_shim.S.obj
LOAD CMakeFiles/power_led_driver.dir/C_/VSARM/sdk/pico/pico-sdk/src/rp2_common/pico_malloc/pico_malloc.c.obj
LOAD CMakeFiles/power_led_driver.dir/C_/VSARM/sdk/pico/pico-sdk/src/rp2_common/pico_mem_ops/mem_ops_aeabi.S.obj
LOAD CMakeFiles/power_led_driver.dir/C_/VSARM/sdk/pico/pico-sdk/src/rp2_common/pico_standard_link/crt0.S.obj
LOAD CMakeFiles/power_led_driver.dir/C_/VSARM/sdk/pico/pico-sdk/src/rp2_common/pico_standard_link/new_delete.cpp.obj
LOAD CMakeFiles/power_led_driver.dir/C_/VSARM/sdk/pico/pico-sdk/src/rp2_common/pico_standard_link/binary_info.c.obj
LOAD CMakeFiles/power_led_driver.dir/C_/VSARM/sdk/pico/pico-sdk/src/rp2_common/pico_stdio/stdio.c.obj
LOAD CMakeFiles/power_led_driver.dir/C_/VSARM/sdk/pico/pico-sdk/src/rp2_common/pico_stdio_uart/stdio_uart.c.obj
LOAD CMakeFiles/power_led_driver.dir/C_/VSARM/sdk/pico/pico-sdk/src/rp2_common/hardware_flash/flash.c.obj
LOAD CMakeFiles/power_led_driver.dir/C_/VSARM/sdk/pico/pico-sdk/src/rp2_common/hardware_i2c/i2c.c.obj
LOAD C:\Users\Eryk\AppData\Local\Temp\ccg3jKDA.o
LOAD c:/vsarm/armcc/112202~1.02/bin/../lib/gcc/arm-none-eabi/11.2.1/thumb/v6-m/nofp\libstdc++.a
LOAD c:/vsarm/armcc/112202~1.02/bin/../lib/gcc/arm-none-eabi/11.2.1/thumb/v6-m/nofp\libm.a
START GROUP
LOAD c:/vsarm/armcc/112202~1.02/bin/../lib/gcc/arm-none-eabi/11.2.1/thumb/v6-m/nofp\libgcc.a
LOAD c:/vsarm/armcc/112202~1.02/bin/../lib/gcc/arm-none-eabi/11.2.1/thumb/v6-m/nofp\libc.a
END GROUP
START GROUP
LOAD c:/vsarm/armcc/112202~1.02/bin/../lib/gcc/arm-none-eabi/11.2.1/thumb/v6-m/nofp\libgcc.a
LOAD c:/vsarm/armcc/112202~1.02/bin/../lib/gcc/arm-none-eabi/11.2.1/thumb/v6-m/nofp\libc.a
LOAD c:/vsarm/armcc/112202~1.02/bin/../lib/gcc/arm-none-eabi/11.2.1/thumb/v6-m/nofp\libnosys.a
END GROUP
LOAD c:/vsarm/armcc/112202~1.02/bin/../lib/gcc/arm-none-eabi/11.2.1/thumb/v6-m/nofp/crtend.o
LOAD c:/vsarm/armcc/112202~1.02/bin/../lib/gcc/arm-none-eabi/11.2.1/thumb/v6-m/nofp/crtn.o
OUTPUT(power_led_driver.elf elf32-littlearm)
LOAD linker stubs

.ARM.attributes
                0x00000000       0x28
 .ARM.attributes
                0x00000000       0x1e c:/vsarm/armcc/112202~1.02/bin/../lib/gcc/arm-none-eabi/11.2.1/thumb/v6-m/nofp/crti.o
 .ARM.attributes
                0x0000001e       0x2c c:/vsarm/armcc/112202~1.02/bin/../lib/gcc/arm-none-eabi/11.2.1/thumb/v6-m/nofp/crtbegin.o
 .ARM.attributes
                0x0000004a       0x2c CMakeFiles/power_led_driver.dir/main.c.obj
 .ARM.attributes
                0x00000076       0x2c CMakeFiles/power_led_driver.dir/DS3231.c.obj
 .ARM.attributes
                0x000000a2       0x2c CMakeFiles/power_led_driver.dir/C_/VSARM/sdk/pico/pico-sdk/src/rp2_common/hardware_gpio/gpio.c.obj
 .ARM.attributes
                0x000000ce       0x2c CMakeFiles/power_led_driver.dir/C_/VSARM/sdk/pico/pico-sdk/src/rp2_common/hardware_claim/claim.c.obj
 .ARM.attributes
                0x000000fa       0x2c CMakeFiles/power_led_driver.dir/C_/VSARM/sdk/pico/pico-sdk/src/rp2_common/pico_platform/platform.c.obj
 .ARM.attributes
                0x00000126       0x2c CMakeFiles/power_led_driver.dir/C_/VSARM/sdk/pico/pico-sdk/src/rp2_common/hardware_sync/sync.c.obj
 .ARM.attributes
                0x00000152       0x2c CMakeFiles/power_led_driver.dir/C_/VSARM/sdk/pico/pico-sdk/src/rp2_common/hardware_uart/uart.c.obj
 .ARM.attributes
                0x0000017e       0x2c CMakeFiles/power_led_driver.dir/C_/VSARM/sdk/pico/pico-sdk/src/common/pico_time/time.c.obj
 .ARM.attributes
                0x000001aa       0x2c CMakeFiles/power_led_driver.dir/C_/VSARM/sdk/pico/pico-sdk/src/rp2_common/hardware_timer/timer.c.obj
 .ARM.attributes
                0x000001d6       0x2c CMakeFiles/power_led_driver.dir/C_/VSARM/sdk/pico/pico-sdk/src/common/pico_sync/lock_core.c.obj
 .ARM.attributes
                0x00000202       0x2c CMakeFiles/power_led_driver.dir/C_/VSARM/sdk/pico/pico-sdk/src/common/pico_sync/mutex.c.obj
 .ARM.attributes
                0x0000022e       0x2c CMakeFiles/power_led_driver.dir/C_/VSARM/sdk/pico/pico-sdk/src/common/pico_util/pheap.c.obj
 .ARM.attributes
                0x0000025a       0x2c CMakeFiles/power_led_driver.dir/C_/VSARM/sdk/pico/pico-sdk/src/rp2_common/pico_runtime/runtime.c.obj
 .ARM.attributes
                0x00000286       0x2c CMakeFiles/power_led_driver.dir/C_/VSARM/sdk/pico/pico-sdk/src/rp2_common/hardware_clocks/clocks.c.obj
 .ARM.attributes
                0x000002b2       0x2c CMakeFiles/power_led_driver.dir/C_/VSARM/sdk/pico/pico-sdk/src/rp2_common/hardware_irq/irq.c.obj
 .ARM.attributes
                0x000002de       0x22 CMakeFiles/power_led_driver.dir/C_/VSARM/sdk/pico/pico-sdk/src/rp2_common/hardware_irq/irq_handler_chain.S.obj
 .ARM.attributes
                0x00000300       0x2c CMakeFiles/power_led_driver.dir/C_/VSARM/sdk/pico/pico-sdk/src/rp2_common/hardware_pll/pll.c.obj
 .ARM.attributes
                0x0000032c       0x2c CMakeFiles/power_led_driver.dir/C_/VSARM/sdk/pico/pico-sdk/src/rp2_common/hardware_watchdog/watchdog.c.obj
 .ARM.attributes
                0x00000358       0x2c CMakeFiles/power_led_driver.dir/C_/VSARM/sdk/pico/pico-sdk/src/rp2_common/hardware_xosc/xosc.c.obj
 .ARM.attributes
                0x00000384       0x2c CMakeFiles/power_led_driver.dir/C_/VSARM/sdk/pico/pico-sdk/src/rp2_common/pico_printf/printf.c.obj
 .ARM.attributes
                0x000003b0       0x22 CMakeFiles/power_led_driver.dir/C_/VSARM/sdk/pico/pico-sdk/src/rp2_common/pico_bit_ops/bit_ops_aeabi.S.obj
 .ARM.attributes
                0x000003d2       0x2c CMakeFiles/power_led_driver.dir/C_/VSARM/sdk/pico/pico-sdk/src/rp2_common/pico_bootrom/bootrom.c.obj
 .ARM.attributes
                0x000003fe       0x22 CMakeFiles/power_led_driver.dir/C_/VSARM/sdk/pico/pico-sdk/src/rp2_common/pico_divider/divider.S.obj
 .ARM.attributes
                0x00000420       0x22 CMakeFiles/power_led_driver.dir/C_/VSARM/sdk/pico/pico-sdk/src/rp2_common/pico_double/double_aeabi.S.obj
 .ARM.attributes
                0x00000442       0x2c CMakeFiles/power_led_driver.dir/C_/VSARM/sdk/pico/pico-sdk/src/rp2_common/pico_double/double_init_rom.c.obj
 .ARM.attributes
                0x0000046e       0x22 CMakeFiles/power_led_driver.dir/C_/VSARM/sdk/pico/pico-sdk/src/rp2_common/pico_double/double_v1_rom_shim.S.obj
 .ARM.attributes
                0x00000490       0x22 CMakeFiles/power_led_driver.dir/C_/VSARM/sdk/pico/pico-sdk/src/rp2_common/pico_float/float_aeabi.S.obj
 .ARM.attributes
                0x000004b2       0x2c CMakeFiles/power_led_driver.dir/C_/VSARM/sdk/pico/pico-sdk/src/rp2_common/pico_float/float_init_rom.c.obj
 .ARM.attributes
                0x000004de       0x22 CMakeFiles/power_led_driver.dir/C_/VSARM/sdk/pico/pico-sdk/src/rp2_common/pico_float/float_v1_rom_shim.S.obj
 .ARM.attributes
                0x00000500       0x22 CMakeFiles/power_led_driver.dir/C_/VSARM/sdk/pico/pico-sdk/src/rp2_common/pico_mem_ops/mem_ops_aeabi.S.obj
 .ARM.attributes
                0x00000522       0x22 CMakeFiles/power_led_driver.dir/C_/VSARM/sdk/pico/pico-sdk/src/rp2_common/pico_standard_link/crt0.S.obj
 .ARM.attributes
                0x00000544       0x2c CMakeFiles/power_led_driver.dir/C_/VSARM/sdk/pico/pico-sdk/src/rp2_common/pico_standard_link/binary_info.c.obj
 .ARM.attributes
                0x00000570       0x2c CMakeFiles/power_led_driver.dir/C_/VSARM/sdk/pico/pico-sdk/src/rp2_common/pico_stdio/stdio.c.obj
 .ARM.attributes
                0x0000059c       0x2c CMakeFiles/power_led_driver.dir/C_/VSARM/sdk/pico/pico-sdk/src/rp2_common/hardware_flash/flash.c.obj
 .ARM.attributes
                0x000005c8       0x2c CMakeFiles/power_led_driver.dir/C_/VSARM/sdk/pico/pico-sdk/src/rp2_common/hardware_i2c/i2c.c.obj
 .ARM.attributes
                0x000005f4       0x22 C:\Users\Eryk\AppData\Local\Temp\ccg3jKDA.o
 .ARM.attributes
                0x00000616       0x1e c:/vsarm/armcc/112202~1.02/bin/../lib/gcc/arm-none-eabi/11.2.1/thumb/v6-m/nofp\libgcc.a(_dvmd_tls.o)
 .ARM.attributes
                0x00000634       0x2c c:/vsarm/armcc/112202~1.02/bin/../lib/gcc/arm-none-eabi/11.2.1/thumb/v6-m/nofp\libc.a(lib_a-atoi.o)
 .ARM.attributes
                0x00000660       0x2c c:/vsarm/armcc/112202~1.02/bin/../lib/gcc/arm-none-eabi/11.2.1/thumb/v6-m/nofp\libc.a(lib_a-errno.o)
 .ARM.attributes
                0x0000068c       0x2c c:/vsarm/armcc/112202~1.02/bin/../lib/gcc/arm-none-eabi/11.2.1/thumb/v6-m/nofp\libc.a(lib_a-impure.o)
 .ARM.attributes
                0x000006b8       0x1b c:/vsarm/armcc/112202~1.02/bin/../lib/gcc/arm-none-eabi/11.2.1/thumb/v6-m/nofp\libc.a(lib_a-strcmp.o)
 .ARM.attributes
                0x000006d3       0x2c c:/vsarm/armcc/112202~1.02/bin/../lib/gcc/arm-none-eabi/11.2.1/thumb/v6-m/nofp\libc.a(lib_a-strlen-stub.o)
 .ARM.attributes
                0x000006ff       0x2c c:/vsarm/armcc/112202~1.02/bin/../lib/gcc/arm-none-eabi/11.2.1/thumb/v6-m/nofp\libc.a(lib_a-strstr.o)
 .ARM.attributes
                0x0000072b       0x2c c:/vsarm/armcc/112202~1.02/bin/../lib/gcc/arm-none-eabi/11.2.1/thumb/v6-m/nofp\libc.a(lib_a-strtok.o)
 .ARM.attributes
                0x00000757       0x2c c:/vsarm/armcc/112202~1.02/bin/../lib/gcc/arm-none-eabi/11.2.1/thumb/v6-m/nofp\libc.a(lib_a-strtok_r.o)
 .ARM.attributes
                0x00000783       0x2c c:/vsarm/armcc/112202~1.02/bin/../lib/gcc/arm-none-eabi/11.2.1/thumb/v6-m/nofp\libc.a(lib_a-strtol.o)
 .ARM.attributes
                0x000007af       0x2c c:/vsarm/armcc/112202~1.02/bin/../lib/gcc/arm-none-eabi/11.2.1/thumb/v6-m/nofp\libc.a(lib_a-ctype_.o)
 .ARM.attributes
                0x000007db       0x2c c:/vsarm/armcc/112202~1.02/bin/../lib/gcc/arm-none-eabi/11.2.1/thumb/v6-m/nofp\libc.a(lib_a-memcmp.o)
 .ARM.attributes
                0x00000807       0x2c c:/vsarm/armcc/112202~1.02/bin/../lib/gcc/arm-none-eabi/11.2.1/thumb/v6-m/nofp\libc.a(lib_a-strchr.o)
 .ARM.attributes
                0x00000833       0x2c c:/vsarm/armcc/112202~1.02/bin/../lib/gcc/arm-none-eabi/11.2.1/thumb/v6-m/nofp\libc.a(lib_a-strnlen.o)
 .ARM.attributes
                0x0000085f       0x2c c:/vsarm/armcc/112202~1.02/bin/../lib/gcc/arm-none-eabi/11.2.1/thumb/v6-m/nofp/crtend.o

.comment        0x00000000       0x57
 .comment       0x00000000       0x57 c:/vsarm/armcc/112202~1.02/bin/../lib/gcc/arm-none-eabi/11.2.1/thumb/v6-m/nofp/crtbegin.o
                                 0x58 (size before relaxing)
 .comment       0x00000057       0x58 CMakeFiles/power_led_driver.dir/main.c.obj
 .comment       0x00000057       0x58 CMakeFiles/power_led_driver.dir/DS3231.c.obj
 .comment       0x00000057       0x58 CMakeFiles/power_led_driver.dir/C_/VSARM/sdk/pico/pico-sdk/src/rp2_common/hardware_gpio/gpio.c.obj
 .comment       0x00000057       0x58 CMakeFiles/power_led_driver.dir/C_/VSARM/sdk/pico/pico-sdk/src/rp2_common/hardware_claim/claim.c.obj
 .comment       0x00000057       0x58 CMakeFiles/power_led_driver.dir/C_/VSARM/sdk/pico/pico-sdk/src/rp2_common/pico_platform/platform.c.obj
 .comment       0x00000057       0x58 CMakeFiles/power_led_driver.dir/C_/VSARM/sdk/pico/pico-sdk/src/rp2_common/hardware_sync/sync.c.obj
 .comment       0x00000057       0x58 CMakeFiles/power_led_driver.dir/C_/VSARM/sdk/pico/pico-sdk/src/rp2_common/hardware_uart/uart.c.obj
 .comment       0x00000057       0x58 CMakeFiles/power_led_driver.dir/C_/VSARM/sdk/pico/pico-sdk/src/common/pico_time/time.c.obj
 .comment       0x00000057       0x58 CMakeFiles/power_led_driver.dir/C_/VSARM/sdk/pico/pico-sdk/src/rp2_common/hardware_timer/timer.c.obj
 .comment       0x00000057       0x58 CMakeFiles/power_led_driver.dir/C_/VSARM/sdk/pico/pico-sdk/src/common/pico_sync/lock_core.c.obj
 .comment       0x00000057       0x58 CMakeFiles/power_led_driver.dir/C_/VSARM/sdk/pico/pico-sdk/src/common/pico_sync/mutex.c.obj
 .comment       0x00000057       0x58 CMakeFiles/power_led_driver.dir/C_/VSARM/sdk/pico/pico-sdk/src/common/pico_util/pheap.c.obj
 .comment       0x00000057       0x58 CMakeFiles/power_led_driver.dir/C_/VSARM/sdk/pico/pico-sdk/src/rp2_common/pico_runtime/runtime.c.obj
 .comment       0x00000057       0x58 CMakeFiles/power_led_driver.dir/C_/VSARM/sdk/pico/pico-sdk/src/rp2_common/hardware_clocks/clocks.c.obj
 .comment       0x00000057       0x58 CMakeFiles/power_led_driver.dir/C_/VSARM/sdk/pico/pico-sdk/src/rp2_common/hardware_irq/irq.c.obj
 .comment       0x00000057       0x58 CMakeFiles/power_led_driver.dir/C_/VSARM/sdk/pico/pico-sdk/src/rp2_common/hardware_pll/pll.c.obj
 .comment       0x00000057       0x58 CMakeFiles/power_led_driver.dir/C_/VSARM/sdk/pico/pico-sdk/src/rp2_common/hardware_watchdog/watchdog.c.obj
 .comment       0x00000057       0x58 CMakeFiles/power_led_driver.dir/C_/VSARM/sdk/pico/pico-sdk/src/rp2_common/hardware_xosc/xosc.c.obj
 .comment       0x00000057       0x58 CMakeFiles/power_led_driver.dir/C_/VSARM/sdk/pico/pico-sdk/src/rp2_common/pico_printf/printf.c.obj
 .comment       0x00000057       0x58 CMakeFiles/power_led_driver.dir/C_/VSARM/sdk/pico/pico-sdk/src/rp2_common/pico_bootrom/bootrom.c.obj
 .comment       0x00000057       0x58 CMakeFiles/power_led_driver.dir/C_/VSARM/sdk/pico/pico-sdk/src/rp2_common/pico_double/double_init_rom.c.obj
 .comment       0x00000057       0x58 CMakeFiles/power_led_driver.dir/C_/VSARM/sdk/pico/pico-sdk/src/rp2_common/pico_float/float_init_rom.c.obj
 .comment       0x00000057       0x58 CMakeFiles/power_led_driver.dir/C_/VSARM/sdk/pico/pico-sdk/src/rp2_common/pico_standard_link/binary_info.c.obj
 .comment       0x00000057       0x58 CMakeFiles/power_led_driver.dir/C_/VSARM/sdk/pico/pico-sdk/src/rp2_common/pico_stdio/stdio.c.obj
 .comment       0x00000057       0x58 CMakeFiles/power_led_driver.dir/C_/VSARM/sdk/pico/pico-sdk/src/rp2_common/hardware_flash/flash.c.obj
 .comment       0x00000057       0x58 CMakeFiles/power_led_driver.dir/C_/VSARM/sdk/pico/pico-sdk/src/rp2_common/hardware_i2c/i2c.c.obj
 .comment       0x00000057       0x58 c:/vsarm/armcc/112202~1.02/bin/../lib/gcc/arm-none-eabi/11.2.1/thumb/v6-m/nofp\libc.a(lib_a-atoi.o)
 .comment       0x00000057       0x58 c:/vsarm/armcc/112202~1.02/bin/../lib/gcc/arm-none-eabi/11.2.1/thumb/v6-m/nofp\libc.a(lib_a-errno.o)
 .comment       0x00000057       0x58 c:/vsarm/armcc/112202~1.02/bin/../lib/gcc/arm-none-eabi/11.2.1/thumb/v6-m/nofp\libc.a(lib_a-impure.o)
 .comment       0x00000057       0x58 c:/vsarm/armcc/112202~1.02/bin/../lib/gcc/arm-none-eabi/11.2.1/thumb/v6-m/nofp\libc.a(lib_a-strlen-stub.o)
 .comment       0x00000057       0x58 c:/vsarm/armcc/112202~1.02/bin/../lib/gcc/arm-none-eabi/11.2.1/thumb/v6-m/nofp\libc.a(lib_a-strstr.o)
 .comment       0x00000057       0x58 c:/vsarm/armcc/112202~1.02/bin/../lib/gcc/arm-none-eabi/11.2.1/thumb/v6-m/nofp\libc.a(lib_a-strtok.o)
 .comment       0x00000057       0x58 c:/vsarm/armcc/112202~1.02/bin/../lib/gcc/arm-none-eabi/11.2.1/thumb/v6-m/nofp\libc.a(lib_a-strtok_r.o)
 .comment       0x00000057       0x58 c:/vsarm/armcc/112202~1.02/bin/../lib/gcc/arm-none-eabi/11.2.1/thumb/v6-m/nofp\libc.a(lib_a-strtol.o)
 .comment       0x00000057       0x58 c:/vsarm/armcc/112202~1.02/bin/../lib/gcc/arm-none-eabi/11.2.1/thumb/v6-m/nofp\libc.a(lib_a-ctype_.o)
 .comment       0x00000057       0x58 c:/vsarm/armcc/112202~1.02/bin/../lib/gcc/arm-none-eabi/11.2.1/thumb/v6-m/nofp\libc.a(lib_a-memcmp.o)
 .comment       0x00000057       0x58 c:/vsarm/armcc/112202~1.02/bin/../lib/gcc/arm-none-eabi/11.2.1/thumb/v6-m/nofp\libc.a(lib_a-strchr.o)
 .comment       0x00000057       0x58 c:/vsarm/armcc/112202~1.02/bin/../lib/gcc/arm-none-eabi/11.2.1/thumb/v6-m/nofp\libc.a(lib_a-strnlen.o)
 .comment       0x00000057       0x58 c:/vsarm/armcc/112202~1.02/bin/../lib/gcc/arm-none-eabi/11.2.1/thumb/v6-m/nofp/crtend.o

.debug_line     0x00000000     0x2003
 .debug_line    0x00000000       0x4a c:/vsarm/armcc/112202~1.02/bin/../lib/gcc/arm-none-eabi/11.2.1/thumb/v6-m/nofp\libgcc.a(_dvmd_tls.o)
 .debug_line    0x0000004a      0x201 c:/vsarm/armcc/112202~1.02/bin/../lib/gcc/arm-none-eabi/11.2.1/thumb/v6-m/nofp\libc.a(lib_a-atoi.o)
 .debug_line    0x0000024b      0x186 c:/vsarm/armcc/112202~1.02/bin/../lib/gcc/arm-none-eabi/11.2.1/thumb/v6-m/nofp\libc.a(lib_a-errno.o)
 .debug_line    0x000003d1      0x15b c:/vsarm/armcc/112202~1.02/bin/../lib/gcc/arm-none-eabi/11.2.1/thumb/v6-m/nofp\libc.a(lib_a-impure.o)
 .debug_line    0x0000052c       0x87 c:/vsarm/armcc/112202~1.02/bin/../lib/gcc/arm-none-eabi/11.2.1/thumb/v6-m/nofp\libc.a(lib_a-strcmp.o)
 .debug_line    0x000005b3      0x1e1 c:/vsarm/armcc/112202~1.02/bin/../lib/gcc/arm-none-eabi/11.2.1/thumb/v6-m/nofp\libc.a(lib_a-strlen-stub.o)
 .debug_line    0x00000794      0x7fa c:/vsarm/armcc/112202~1.02/bin/../lib/gcc/arm-none-eabi/11.2.1/thumb/v6-m/nofp\libc.a(lib_a-strstr.o)
 .debug_line    0x00000f8e      0x1ea c:/vsarm/armcc/112202~1.02/bin/../lib/gcc/arm-none-eabi/11.2.1/thumb/v6-m/nofp\libc.a(lib_a-strtok.o)
 .debug_line    0x00001178      0x1f9 c:/vsarm/armcc/112202~1.02/bin/../lib/gcc/arm-none-eabi/11.2.1/thumb/v6-m/nofp\libc.a(lib_a-strtok_r.o)
 .debug_line    0x00001371      0x4b0 c:/vsarm/armcc/112202~1.02/bin/../lib/gcc/arm-none-eabi/11.2.1/thumb/v6-m/nofp\libc.a(lib_a-strtol.o)
 .debug_line    0x00001821      0x26b c:/vsarm/armcc/112202~1.02/bin/../lib/gcc/arm-none-eabi/11.2.1/thumb/v6-m/nofp\libc.a(lib_a-ctype_.o)
 .debug_line    0x00001a8c      0x1de c:/vsarm/armcc/112202~1.02/bin/../lib/gcc/arm-none-eabi/11.2.1/thumb/v6-m/nofp\libc.a(lib_a-memcmp.o)
 .debug_line    0x00001c6a      0x210 c:/vsarm/armcc/112202~1.02/bin/../lib/gcc/arm-none-eabi/11.2.1/thumb/v6-m/nofp\libc.a(lib_a-strchr.o)
 .debug_line    0x00001e7a      0x189 c:/vsarm/armcc/112202~1.02/bin/../lib/gcc/arm-none-eabi/11.2.1/thumb/v6-m/nofp\libc.a(lib_a-strnlen.o)

.debug_line_str
                0x00000000       0xba
 .debug_line_str
                0x00000000       0x53 c:/vsarm/armcc/112202~1.02/bin/../lib/gcc/arm-none-eabi/11.2.1/thumb/v6-m/nofp\libgcc.a(_dvmd_tls.o)
                                 0xa6 (size before relaxing)
 .debug_line_str
                0x00000053       0x67 c:/vsarm/armcc/112202~1.02/bin/../lib/gcc/arm-none-eabi/11.2.1/thumb/v6-m/nofp\libc.a(lib_a-strcmp.o)
                                 0xce (size before relaxing)

.debug_info     0x00000000     0x4c19
 .debug_info    0x00000000       0x24 c:/vsarm/armcc/112202~1.02/bin/../lib/gcc/arm-none-eabi/11.2.1/thumb/v6-m/nofp\libgcc.a(_dvmd_tls.o)
 .debug_info    0x00000024      0x975 c:/vsarm/armcc/112202~1.02/bin/../lib/gcc/arm-none-eabi/11.2.1/thumb/v6-m/nofp\libc.a(lib_a-atoi.o)
 .debug_info    0x00000999      0x8a9 c:/vsarm/armcc/112202~1.02/bin/../lib/gcc/arm-none-eabi/11.2.1/thumb/v6-m/nofp\libc.a(lib_a-errno.o)
 .debug_info    0x00001242      0x8be c:/vsarm/armcc/112202~1.02/bin/../lib/gcc/arm-none-eabi/11.2.1/thumb/v6-m/nofp\libc.a(lib_a-impure.o)
 .debug_info    0x00001b00       0x25 c:/vsarm/armcc/112202~1.02/bin/../lib/gcc/arm-none-eabi/11.2.1/thumb/v6-m/nofp\libc.a(lib_a-strcmp.o)
 .debug_info    0x00001b25       0xeb c:/vsarm/armcc/112202~1.02/bin/../lib/gcc/arm-none-eabi/11.2.1/thumb/v6-m/nofp\libc.a(lib_a-strlen-stub.o)
 .debug_info    0x00001c10      0x75a c:/vsarm/armcc/112202~1.02/bin/../lib/gcc/arm-none-eabi/11.2.1/thumb/v6-m/nofp\libc.a(lib_a-strstr.o)
 .debug_info    0x0000236a      0x930 c:/vsarm/armcc/112202~1.02/bin/../lib/gcc/arm-none-eabi/11.2.1/thumb/v6-m/nofp\libc.a(lib_a-strtok.o)
 .debug_info    0x00002c9a      0x1b2 c:/vsarm/armcc/112202~1.02/bin/../lib/gcc/arm-none-eabi/11.2.1/thumb/v6-m/nofp\libc.a(lib_a-strtok_r.o)
 .debug_info    0x00002e4c      0xf0c c:/vsarm/armcc/112202~1.02/bin/../lib/gcc/arm-none-eabi/11.2.1/thumb/v6-m/nofp\libc.a(lib_a-strtol.o)
 .debug_info    0x00003d58      0xb85 c:/vsarm/armcc/112202~1.02/bin/../lib/gcc/arm-none-eabi/11.2.1/thumb/v6-m/nofp\libc.a(lib_a-ctype_.o)
 .debug_info    0x000048dd      0x12b c:/vsarm/armcc/112202~1.02/bin/../lib/gcc/arm-none-eabi/11.2.1/thumb/v6-m/nofp\libc.a(lib_a-memcmp.o)
 .debug_info    0x00004a08      0x130 c:/vsarm/armcc/112202~1.02/bin/../lib/gcc/arm-none-eabi/11.2.1/thumb/v6-m/nofp\libc.a(lib_a-strchr.o)
 .debug_info    0x00004b38       0xe1 c:/vsarm/armcc/112202~1.02/bin/../lib/gcc/arm-none-eabi/11.2.1/thumb/v6-m/nofp\libc.a(lib_a-strnlen.o)

.debug_abbrev   0x00000000     0x131b
 .debug_abbrev  0x00000000       0x14 c:/vsarm/armcc/112202~1.02/bin/../lib/gcc/arm-none-eabi/11.2.1/thumb/v6-m/nofp\libgcc.a(_dvmd_tls.o)
 .debug_abbrev  0x00000014      0x21f c:/vsarm/armcc/112202~1.02/bin/../lib/gcc/arm-none-eabi/11.2.1/thumb/v6-m/nofp\libc.a(lib_a-atoi.o)
 .debug_abbrev  0x00000233      0x1ce c:/vsarm/armcc/112202~1.02/bin/../lib/gcc/arm-none-eabi/11.2.1/thumb/v6-m/nofp\libc.a(lib_a-errno.o)
 .debug_abbrev  0x00000401      0x1ca c:/vsarm/armcc/112202~1.02/bin/../lib/gcc/arm-none-eabi/11.2.1/thumb/v6-m/nofp\libc.a(lib_a-impure.o)
 .debug_abbrev  0x000005cb       0x14 c:/vsarm/armcc/112202~1.02/bin/../lib/gcc/arm-none-eabi/11.2.1/thumb/v6-m/nofp\libc.a(lib_a-strcmp.o)
 .debug_abbrev  0x000005df       0x90 c:/vsarm/armcc/112202~1.02/bin/../lib/gcc/arm-none-eabi/11.2.1/thumb/v6-m/nofp\libc.a(lib_a-strlen-stub.o)
 .debug_abbrev  0x0000066f      0x263 c:/vsarm/armcc/112202~1.02/bin/../lib/gcc/arm-none-eabi/11.2.1/thumb/v6-m/nofp\libc.a(lib_a-strstr.o)
 .debug_abbrev  0x000008d2      0x23a c:/vsarm/armcc/112202~1.02/bin/../lib/gcc/arm-none-eabi/11.2.1/thumb/v6-m/nofp\libc.a(lib_a-strtok.o)
 .debug_abbrev  0x00000b0c      0x10e c:/vsarm/armcc/112202~1.02/bin/../lib/gcc/arm-none-eabi/11.2.1/thumb/v6-m/nofp\libc.a(lib_a-strtok_r.o)
 .debug_abbrev  0x00000c1a      0x33f c:/vsarm/armcc/112202~1.02/bin/../lib/gcc/arm-none-eabi/11.2.1/thumb/v6-m/nofp\libc.a(lib_a-strtol.o)
 .debug_abbrev  0x00000f59      0x20e c:/vsarm/armcc/112202~1.02/bin/../lib/gcc/arm-none-eabi/11.2.1/thumb/v6-m/nofp\libc.a(lib_a-ctype_.o)
 .debug_abbrev  0x00001167       0x90 c:/vsarm/armcc/112202~1.02/bin/../lib/gcc/arm-none-eabi/11.2.1/thumb/v6-m/nofp\libc.a(lib_a-memcmp.o)
 .debug_abbrev  0x000011f7       0x97 c:/vsarm/armcc/112202~1.02/bin/../lib/gcc/arm-none-eabi/11.2.1/thumb/v6-m/nofp\libc.a(lib_a-strchr.o)
 .debug_abbrev  0x0000128e       0x8d c:/vsarm/armcc/112202~1.02/bin/../lib/gcc/arm-none-eabi/11.2.1/thumb/v6-m/nofp\libc.a(lib_a-strnlen.o)

.debug_aranges  0x00000000      0x1e8
 .debug_aranges
                0x00000000       0x20 c:/vsarm/armcc/112202~1.02/bin/../lib/gcc/arm-none-eabi/11.2.1/thumb/v6-m/nofp\libgcc.a(_dvmd_tls.o)
 .debug_aranges
                0x00000020       0x28 c:/vsarm/armcc/112202~1.02/bin/../lib/gcc/arm-none-eabi/11.2.1/thumb/v6-m/nofp\libc.a(lib_a-atoi.o)
 .debug_aranges
                0x00000048       0x20 c:/vsarm/armcc/112202~1.02/bin/../lib/gcc/arm-none-eabi/11.2.1/thumb/v6-m/nofp\libc.a(lib_a-errno.o)
 .debug_aranges
                0x00000068       0x18 c:/vsarm/armcc/112202~1.02/bin/../lib/gcc/arm-none-eabi/11.2.1/thumb/v6-m/nofp\libc.a(lib_a-impure.o)
 .debug_aranges
                0x00000080       0x20 c:/vsarm/armcc/112202~1.02/bin/../lib/gcc/arm-none-eabi/11.2.1/thumb/v6-m/nofp\libc.a(lib_a-strcmp.o)
 .debug_aranges
                0x000000a0       0x20 c:/vsarm/armcc/112202~1.02/bin/../lib/gcc/arm-none-eabi/11.2.1/thumb/v6-m/nofp\libc.a(lib_a-strlen-stub.o)
 .debug_aranges
                0x000000c0       0x28 c:/vsarm/armcc/112202~1.02/bin/../lib/gcc/arm-none-eabi/11.2.1/thumb/v6-m/nofp\libc.a(lib_a-strstr.o)
 .debug_aranges
                0x000000e8       0x20 c:/vsarm/armcc/112202~1.02/bin/../lib/gcc/arm-none-eabi/11.2.1/thumb/v6-m/nofp\libc.a(lib_a-strtok.o)
 .debug_aranges
                0x00000108       0x28 c:/vsarm/armcc/112202~1.02/bin/../lib/gcc/arm-none-eabi/11.2.1/thumb/v6-m/nofp\libc.a(lib_a-strtok_r.o)
 .debug_aranges
                0x00000130       0x38 c:/vsarm/armcc/112202~1.02/bin/../lib/gcc/arm-none-eabi/11.2.1/thumb/v6-m/nofp\libc.a(lib_a-strtol.o)
 .debug_aranges
                0x00000168       0x20 c:/vsarm/armcc/112202~1.02/bin/../lib/gcc/arm-none-eabi/11.2.1/thumb/v6-m/nofp\libc.a(lib_a-ctype_.o)
 .debug_aranges
                0x00000188       0x20 c:/vsarm/armcc/112202~1.02/bin/../lib/gcc/arm-none-eabi/11.2.1/thumb/v6-m/nofp\libc.a(lib_a-memcmp.o)
 .debug_aranges
                0x000001a8       0x20 c:/vsarm/armcc/112202~1.02/bin/../lib/gcc/arm-none-eabi/11.2.1/thumb/v6-m/nofp\libc.a(lib_a-strchr.o)
 .debug_aranges
                0x000001c8       0x20 c:/vsarm/armcc/112202~1.02/bin/../lib/gcc/arm-none-eabi/11.2.1/thumb/v6-m/nofp\libc.a(lib_a-strnlen.o)

.debug_str      0x00000000      0xffc
 .debug_str     0x00000000       0x8e c:/vsarm/armcc/112202~1.02/bin/../lib/gcc/arm-none-eabi/11.2.1/thumb/v6-m/nofp\libgcc.a(_dvmd_tls.o)
 .debug_str     0x0000008e      0x580 c:/vsarm/armcc/112202~1.02/bin/../lib/gcc/arm-none-eabi/11.2.1/thumb/v6-m/nofp\libc.a(lib_a-atoi.o)
                                0x5da (size before relaxing)
 .debug_str     0x0000060e       0xe4 c:/vsarm/armcc/112202~1.02/bin/../lib/gcc/arm-none-eabi/11.2.1/thumb/v6-m/nofp\libc.a(lib_a-errno.o)
                                0x5cf (size before relaxing)
 .debug_str     0x000006f2       0xfc c:/vsarm/armcc/112202~1.02/bin/../lib/gcc/arm-none-eabi/11.2.1/thumb/v6-m/nofp\libc.a(lib_a-impure.o)
                                0x5e7 (size before relaxing)
 .debug_str     0x000007ee       0x99 c:/vsarm/armcc/112202~1.02/bin/../lib/gcc/arm-none-eabi/11.2.1/thumb/v6-m/nofp\libc.a(lib_a-strcmp.o)
                                 0xa5 (size before relaxing)
 .debug_str     0x00000887       0x86 c:/vsarm/armcc/112202~1.02/bin/../lib/gcc/arm-none-eabi/11.2.1/thumb/v6-m/nofp\libc.a(lib_a-strlen-stub.o)
                                0x22e (size before relaxing)
 .debug_str     0x0000090d      0x1c4 c:/vsarm/armcc/112202~1.02/bin/../lib/gcc/arm-none-eabi/11.2.1/thumb/v6-m/nofp\libc.a(lib_a-strstr.o)
                                0x310 (size before relaxing)
 .debug_str     0x00000ad1       0x6d c:/vsarm/armcc/112202~1.02/bin/../lib/gcc/arm-none-eabi/11.2.1/thumb/v6-m/nofp\libc.a(lib_a-strtok.o)
                                0x5e8 (size before relaxing)
 .debug_str     0x00000b3e       0x81 c:/vsarm/armcc/112202~1.02/bin/../lib/gcc/arm-none-eabi/11.2.1/thumb/v6-m/nofp\libc.a(lib_a-strtok_r.o)
                                0x23e (size before relaxing)
 .debug_str     0x00000bbf      0x235 c:/vsarm/armcc/112202~1.02/bin/../lib/gcc/arm-none-eabi/11.2.1/thumb/v6-m/nofp\libc.a(lib_a-strtol.o)
                                0x868 (size before relaxing)
 .debug_str     0x00000df4       0xf1 c:/vsarm/armcc/112202~1.02/bin/../lib/gcc/arm-none-eabi/11.2.1/thumb/v6-m/nofp\libc.a(lib_a-ctype_.o)
                                0x7b6 (size before relaxing)
 .debug_str     0x00000ee5       0x5b c:/vsarm/armcc/112202~1.02/bin/../lib/gcc/arm-none-eabi/11.2.1/thumb/v6-m/nofp\libc.a(lib_a-memcmp.o)
                                0x20c (size before relaxing)
 .debug_str     0x00000f40       0x60 c:/vsarm/armcc/112202~1.02/bin/../lib/gcc/arm-none-eabi/11.2.1/thumb/v6-m/nofp\libc.a(lib_a-strchr.o)
                                0x217 (size before relaxing)
 .debug_str     0x00000fa0       0x5c c:/vsarm/armcc/112202~1.02/bin/../lib/gcc/arm-none-eabi/11.2.1/thumb/v6-m/nofp\libc.a(lib_a-strnlen.o)
                                0x214 (size before relaxing)

.debug_loclists
                0x00000000     0x1574
 .debug_loclists
                0x00000000       0x51 c:/vsarm/armcc/112202~1.02/bin/../lib/gcc/arm-none-eabi/11.2.1/thumb/v6-m/nofp\libc.a(lib_a-atoi.o)
 .debug_loclists
                0x00000051       0x5e c:/vsarm/armcc/112202~1.02/bin/../lib/gcc/arm-none-eabi/11.2.1/thumb/v6-m/nofp\libc.a(lib_a-strlen-stub.o)
 .debug_loclists
                0x000000af      0x997 c:/vsarm/armcc/112202~1.02/bin/../lib/gcc/arm-none-eabi/11.2.1/thumb/v6-m/nofp\libc.a(lib_a-strstr.o)
 .debug_loclists
                0x00000a46       0x4f c:/vsarm/armcc/112202~1.02/bin/../lib/gcc/arm-none-eabi/11.2.1/thumb/v6-m/nofp\libc.a(lib_a-strtok.o)
 .debug_loclists
                0x00000a95      0x19a c:/vsarm/armcc/112202~1.02/bin/../lib/gcc/arm-none-eabi/11.2.1/thumb/v6-m/nofp\libc.a(lib_a-strtok_r.o)
 .debug_loclists
                0x00000c2f      0x606 c:/vsarm/armcc/112202~1.02/bin/../lib/gcc/arm-none-eabi/11.2.1/thumb/v6-m/nofp\libc.a(lib_a-strtol.o)
 .debug_loclists
                0x00001235       0x18 c:/vsarm/armcc/112202~1.02/bin/../lib/gcc/arm-none-eabi/11.2.1/thumb/v6-m/nofp\libc.a(lib_a-ctype_.o)
 .debug_loclists
                0x0000124d      0x13d c:/vsarm/armcc/112202~1.02/bin/../lib/gcc/arm-none-eabi/11.2.1/thumb/v6-m/nofp\libc.a(lib_a-memcmp.o)
 .debug_loclists
                0x0000138a      0x106 c:/vsarm/armcc/112202~1.02/bin/../lib/gcc/arm-none-eabi/11.2.1/thumb/v6-m/nofp\libc.a(lib_a-strchr.o)
 .debug_loclists
                0x00001490       0xe4 c:/vsarm/armcc/112202~1.02/bin/../lib/gcc/arm-none-eabi/11.2.1/thumb/v6-m/nofp\libc.a(lib_a-strnlen.o)

.debug_rnglists
                0x00000000      0x164
 .debug_rnglists
                0x00000000       0x19 c:/vsarm/armcc/112202~1.02/bin/../lib/gcc/arm-none-eabi/11.2.1/thumb/v6-m/nofp\libc.a(lib_a-atoi.o)
 .debug_rnglists
                0x00000019       0x13 c:/vsarm/armcc/112202~1.02/bin/../lib/gcc/arm-none-eabi/11.2.1/thumb/v6-m/nofp\libc.a(lib_a-errno.o)
 .debug_rnglists
                0x0000002c       0x13 c:/vsarm/armcc/112202~1.02/bin/../lib/gcc/arm-none-eabi/11.2.1/thumb/v6-m/nofp\libc.a(lib_a-strlen-stub.o)
 .debug_rnglists
                0x0000003f       0x78 c:/vsarm/armcc/112202~1.02/bin/../lib/gcc/arm-none-eabi/11.2.1/thumb/v6-m/nofp\libc.a(lib_a-strstr.o)
 .debug_rnglists
                0x000000b7       0x13 c:/vsarm/armcc/112202~1.02/bin/../lib/gcc/arm-none-eabi/11.2.1/thumb/v6-m/nofp\libc.a(lib_a-strtok.o)
 .debug_rnglists
                0x000000ca       0x19 c:/vsarm/armcc/112202~1.02/bin/../lib/gcc/arm-none-eabi/11.2.1/thumb/v6-m/nofp\libc.a(lib_a-strtok_r.o)
 .debug_rnglists
                0x000000e3       0x34 c:/vsarm/armcc/112202~1.02/bin/../lib/gcc/arm-none-eabi/11.2.1/thumb/v6-m/nofp\libc.a(lib_a-strtol.o)
 .debug_rnglists
                0x00000117       0x13 c:/vsarm/armcc/112202~1.02/bin/../lib/gcc/arm-none-eabi/11.2.1/thumb/v6-m/nofp\libc.a(lib_a-ctype_.o)
 .debug_rnglists
                0x0000012a       0x13 c:/vsarm/armcc/112202~1.02/bin/../lib/gcc/arm-none-eabi/11.2.1/thumb/v6-m/nofp\libc.a(lib_a-memcmp.o)
 .debug_rnglists
                0x0000013d       0x14 c:/vsarm/armcc/112202~1.02/bin/../lib/gcc/arm-none-eabi/11.2.1/thumb/v6-m/nofp\libc.a(lib_a-strchr.o)
 .debug_rnglists
                0x00000151       0x13 c:/vsarm/armcc/112202~1.02/bin/../lib/gcc/arm-none-eabi/11.2.1/thumb/v6-m/nofp\libc.a(lib_a-strnlen.o)

.debug_frame    0x00000000      0x2a4
 .debug_frame   0x00000000       0x40 c:/vsarm/armcc/112202~1.02/bin/../lib/gcc/arm-none-eabi/11.2.1/thumb/v6-m/nofp\libc.a(lib_a-atoi.o)
 .debug_frame   0x00000040       0x20 c:/vsarm/armcc/112202~1.02/bin/../lib/gcc/arm-none-eabi/11.2.1/thumb/v6-m/nofp\libc.a(lib_a-errno.o)
 .debug_frame   0x00000060       0x20 c:/vsarm/armcc/112202~1.02/bin/../lib/gcc/arm-none-eabi/11.2.1/thumb/v6-m/nofp\libc.a(lib_a-strcmp.o)
 .debug_frame   0x00000080       0x28 c:/vsarm/armcc/112202~1.02/bin/../lib/gcc/arm-none-eabi/11.2.1/thumb/v6-m/nofp\libc.a(lib_a-strlen-stub.o)
 .debug_frame   0x000000a8       0x64 c:/vsarm/armcc/112202~1.02/bin/../lib/gcc/arm-none-eabi/11.2.1/thumb/v6-m/nofp\libc.a(lib_a-strstr.o)
 .debug_frame   0x0000010c       0x28 c:/vsarm/armcc/112202~1.02/bin/../lib/gcc/arm-none-eabi/11.2.1/thumb/v6-m/nofp\libc.a(lib_a-strtok.o)
 .debug_frame   0x00000134       0x48 c:/vsarm/armcc/112202~1.02/bin/../lib/gcc/arm-none-eabi/11.2.1/thumb/v6-m/nofp\libc.a(lib_a-strtok_r.o)
 .debug_frame   0x0000017c       0x84 c:/vsarm/armcc/112202~1.02/bin/../lib/gcc/arm-none-eabi/11.2.1/thumb/v6-m/nofp\libc.a(lib_a-strtol.o)
 .debug_frame   0x00000200       0x20 c:/vsarm/armcc/112202~1.02/bin/../lib/gcc/arm-none-eabi/11.2.1/thumb/v6-m/nofp\libc.a(lib_a-ctype_.o)
 .debug_frame   0x00000220       0x2c c:/vsarm/armcc/112202~1.02/bin/../lib/gcc/arm-none-eabi/11.2.1/thumb/v6-m/nofp\libc.a(lib_a-memcmp.o)
 .debug_frame   0x0000024c       0x30 c:/vsarm/armcc/112202~1.02/bin/../lib/gcc/arm-none-eabi/11.2.1/thumb/v6-m/nofp\libc.a(lib_a-strchr.o)
 .debug_frame   0x0000027c       0x28 c:/vsarm/armcc/112202~1.02/bin/../lib/gcc/arm-none-eabi/11.2.1/thumb/v6-m/nofp\libc.a(lib_a-strnlen.o)
